german@german-T400:~/Prog/WS/PyCharm/MSc/ars$ python setup.py sdist
	running sdist
	running check
	warning: sdist: manifest template 'MANIFEST.in' does not exist (using default file list)

	writing manifest file 'MANIFEST'
	creating Autonomous Robot Simulator-0.3dev
	creating Autonomous Robot Simulator-0.3dev/ars
	creating Autonomous Robot Simulator-0.3dev/ars/app
	creating Autonomous Robot Simulator-0.3dev/ars/graphics
	creating Autonomous Robot Simulator-0.3dev/ars/gui
	creating Autonomous Robot Simulator-0.3dev/ars/model
	creating Autonomous Robot Simulator-0.3dev/ars/model/collision
	creating Autonomous Robot Simulator-0.3dev/ars/model/contrib
	creating Autonomous Robot Simulator-0.3dev/ars/model/geometry
	creating Autonomous Robot Simulator-0.3dev/ars/model/physics
	creating Autonomous Robot Simulator-0.3dev/ars/model/robot
	creating Autonomous Robot Simulator-0.3dev/ars/model/simulator
	creating Autonomous Robot Simulator-0.3dev/ars/utils
	making hard links in Autonomous Robot Simulator-0.3dev...
	hard linking README.txt -> Autonomous Robot Simulator-0.3dev
	hard linking setup.cfg -> Autonomous Robot Simulator-0.3dev
	hard linking setup.py -> Autonomous Robot Simulator-0.3dev
	hard linking ars/__init__.py -> Autonomous Robot Simulator-0.3dev/ars
	hard linking ars/constants.py -> Autonomous Robot Simulator-0.3dev/ars
	hard linking ars/exceptions.py -> Autonomous Robot Simulator-0.3dev/ars
	hard linking ars/app/__init__.py -> Autonomous Robot Simulator-0.3dev/ars/app
	hard linking ars/graphics/__init__.py -> Autonomous Robot Simulator-0.3dev/ars/graphics
	hard linking ars/graphics/adapters.py -> Autonomous Robot Simulator-0.3dev/ars/graphics
	hard linking ars/gui/__init__.py -> Autonomous Robot Simulator-0.3dev/ars/gui
	hard linking ars/model/__init__.py -> Autonomous Robot Simulator-0.3dev/ars/model
	hard linking ars/model/collision/__init__.py -> Autonomous Robot Simulator-0.3dev/ars/model/collision
	hard linking ars/model/collision/adapters.py -> Autonomous Robot Simulator-0.3dev/ars/model/collision
	hard linking ars/model/collision/base.py -> Autonomous Robot Simulator-0.3dev/ars/model/collision
	hard linking ars/model/contrib/__init__.py -> Autonomous Robot Simulator-0.3dev/ars/model/contrib
	hard linking ars/model/contrib/caster.py -> Autonomous Robot Simulator-0.3dev/ars/model/contrib
	hard linking ars/model/contrib/ragdoll.py -> Autonomous Robot Simulator-0.3dev/ars/model/contrib
	hard linking ars/model/geometry/__init__.py -> Autonomous Robot Simulator-0.3dev/ars/model/geometry
	hard linking ars/model/physics/__init__.py -> Autonomous Robot Simulator-0.3dev/ars/model/physics
	hard linking ars/model/physics/adapters.py -> Autonomous Robot Simulator-0.3dev/ars/model/physics
	hard linking ars/model/physics/base.py -> Autonomous Robot Simulator-0.3dev/ars/model/physics
	hard linking ars/model/robot/__init__.py -> Autonomous Robot Simulator-0.3dev/ars/model/robot
	hard linking ars/model/robot/actuators.py -> Autonomous Robot Simulator-0.3dev/ars/model/robot
	hard linking ars/model/robot/joints.py -> Autonomous Robot Simulator-0.3dev/ars/model/robot
	hard linking ars/model/robot/sensors.py -> Autonomous Robot Simulator-0.3dev/ars/model/robot
	hard linking ars/model/simulator/__init__.py -> Autonomous Robot Simulator-0.3dev/ars/model/simulator
	hard linking ars/utils/__init__.py -> Autonomous Robot Simulator-0.3dev/ars/utils
	hard linking ars/utils/containers.py -> Autonomous Robot Simulator-0.3dev/ars/utils
	hard linking ars/utils/generic.py -> Autonomous Robot Simulator-0.3dev/ars/utils
	hard linking ars/utils/mathematical.py -> Autonomous Robot Simulator-0.3dev/ars/utils
	creating dist
	Creating tar archive
	removing 'Autonomous Robot Simulator-0.3dev' (and everything under it)

german@german-T400:~/Prog/WS/PyCharm/MSc/ars$ python setup.py register
	running register
	running check
	warning: check: Unexpected indentation. (line 9)

	warning: check: Block quote ends without a blank line; unexpected unindent. (line 10)

	We need to know who you are, so please choose either:
	 1. use your existing login,
	 2. register as a new user,
	 3. have the server generate a new password for you (and email it to you), or
	 4. quit
	Your selection [default 1]: 
	1
	Username: glarrain
	Password: 
	Registering ARS to http://pypi.python.org/pypi
	Server response (200): OK
	I can store your PyPI login so future submissions will be faster.
	(the login will be stored in /home/german/.pypirc)
	Save your login (y/N)?N

german@german-T400:~/Prog/WS/PyCharm/MSc/ars$ python setup.py register
	running register
	running check
	warning: check: Unexpected indentation. (line 17)

	warning: check: Block quote ends without a blank line; unexpected unindent. (line 18)

	We need to know who you are, so please choose either:
	 1. use your existing login,
	 2. register as a new user,
	 3. have the server generate a new password for you (and email it to you), or
	 4. quit
	Your selection [default 1]: 
	4

german@german-T400:~/Prog/WS/PyCharm/MSc/ars$ python setup.py register
	running register
	running check
	warning: check: Unexpected indentation. (line 17)

	warning: check: Block quote ends without a blank line; unexpected unindent. (line 18)

	We need to know who you are, so please choose either:
	 1. use your existing login,
	 2. register as a new user,
	 3. have the server generate a new password for you (and email it to you), or
	 4. quit
	Your selection [default 1]: 
	4

german@german-T400:~/Prog/WS/PyCharm/MSc/ars$ python setup.py register
	running register
	running check
	warning: check: Unexpected indentation. (line 17)

	warning: check: Block quote ends without a blank line; unexpected unindent. (line 18)

	We need to know who you are, so please choose either:
	 1. use your existing login,
	 2. register as a new user,
	 3. have the server generate a new password for you (and email it to you), or
	 4. quit
	Your selection [default 1]: 
	4

german@german-T400:~/Prog/WS/PyCharm/MSc/ars$ python setup.py register
	running register
	running check
	warning: check: Unexpected indentation. (line 17)

	warning: check: Block quote ends without a blank line; unexpected unindent. (line 18)

	We need to know who you are, so please choose either:
	 1. use your existing login,
	 2. register as a new user,
	 3. have the server generate a new password for you (and email it to you), or
	 4. quit
	Your selection [default 1]: 
	1
	Username: glarrain
	Password: 
	Registering ARS to http://pypi.python.org/pypi
	Server response (200): OK
	I can store your PyPI login so future submissions will be faster.
	(the login will be stored in /home/german/.pypirc)
	Save your login (y/N)?N

german@german-T400:~/Prog/WS/PyCharm/MSc/ars$ python setup.py sdist upload
	running sdist
	running check
	warning: sdist: manifest template 'MANIFEST.in' does not exist (using default file list)

	writing manifest file 'MANIFEST'
	creating ARS-0.3dev
	creating ARS-0.3dev/ars
	creating ARS-0.3dev/ars/app
	creating ARS-0.3dev/ars/graphics
	creating ARS-0.3dev/ars/gui
	creating ARS-0.3dev/ars/model
	creating ARS-0.3dev/ars/model/collision
	creating ARS-0.3dev/ars/model/contrib
	creating ARS-0.3dev/ars/model/geometry
	creating ARS-0.3dev/ars/model/physics
	creating ARS-0.3dev/ars/model/robot
	creating ARS-0.3dev/ars/model/simulator
	creating ARS-0.3dev/ars/utils
	making hard links in ARS-0.3dev...
	hard linking README.txt -> ARS-0.3dev
	hard linking setup.cfg -> ARS-0.3dev
	hard linking setup.py -> ARS-0.3dev
	hard linking ars/__init__.py -> ARS-0.3dev/ars
	hard linking ars/constants.py -> ARS-0.3dev/ars
	hard linking ars/exceptions.py -> ARS-0.3dev/ars
	hard linking ars/app/__init__.py -> ARS-0.3dev/ars/app
	hard linking ars/graphics/__init__.py -> ARS-0.3dev/ars/graphics
	hard linking ars/graphics/adapters.py -> ARS-0.3dev/ars/graphics
	hard linking ars/gui/__init__.py -> ARS-0.3dev/ars/gui
	hard linking ars/model/__init__.py -> ARS-0.3dev/ars/model
	hard linking ars/model/collision/__init__.py -> ARS-0.3dev/ars/model/collision
	hard linking ars/model/collision/adapters.py -> ARS-0.3dev/ars/model/collision
	hard linking ars/model/collision/base.py -> ARS-0.3dev/ars/model/collision
	hard linking ars/model/contrib/__init__.py -> ARS-0.3dev/ars/model/contrib
	hard linking ars/model/contrib/caster.py -> ARS-0.3dev/ars/model/contrib
	hard linking ars/model/contrib/ragdoll.py -> ARS-0.3dev/ars/model/contrib
	hard linking ars/model/geometry/__init__.py -> ARS-0.3dev/ars/model/geometry
	hard linking ars/model/physics/__init__.py -> ARS-0.3dev/ars/model/physics
	hard linking ars/model/physics/adapters.py -> ARS-0.3dev/ars/model/physics
	hard linking ars/model/physics/base.py -> ARS-0.3dev/ars/model/physics
	hard linking ars/model/robot/__init__.py -> ARS-0.3dev/ars/model/robot
	hard linking ars/model/robot/actuators.py -> ARS-0.3dev/ars/model/robot
	hard linking ars/model/robot/joints.py -> ARS-0.3dev/ars/model/robot
	hard linking ars/model/robot/sensors.py -> ARS-0.3dev/ars/model/robot
	hard linking ars/model/simulator/__init__.py -> ARS-0.3dev/ars/model/simulator
	hard linking ars/utils/__init__.py -> ARS-0.3dev/ars/utils
	hard linking ars/utils/containers.py -> ARS-0.3dev/ars/utils
	hard linking ars/utils/generic.py -> ARS-0.3dev/ars/utils
	hard linking ars/utils/mathematical.py -> ARS-0.3dev/ars/utils
	Creating tar archive
	removing 'ARS-0.3dev' (and everything under it)
	running upload
	Submitting dist/ARS-0.3dev.tar.gz to http://pypi.python.org/pypi
	Upload failed (401): You must be identified to edit package information

german@german-T400:~/Prog/WS/PyCharm/MSc/ars$ python setup.py register
	running register
	running check
	warning: check: Unexpected indentation. (line 15)

	warning: check: Block quote ends without a blank line; unexpected unindent. (line 16)

	We need to know who you are, so please choose either:
	 1. use your existing login,
	 2. register as a new user,
	 3. have the server generate a new password for you (and email it to you), or
	 4. quit
	Your selection [default 1]: 
	1
	Username: glarrain
	Password: 
	Registering ARS to http://pypi.python.org/pypi
	Server response (200): OK
	I can store your PyPI login so future submissions will be faster.
	(the login will be stored in /home/german/.pypirc)
	Save your login (y/N)?y

german@german-T400:~/Prog/WS/PyCharm/MSc/ars$ python setup.py sdist upload
	running sdist
	running check
	warning: sdist: manifest template 'MANIFEST.in' does not exist (using default file list)

	writing manifest file 'MANIFEST'
	creating ARS-0.3dev
	creating ARS-0.3dev/ars
	creating ARS-0.3dev/ars/app
	creating ARS-0.3dev/ars/graphics
	creating ARS-0.3dev/ars/gui
	creating ARS-0.3dev/ars/model
	creating ARS-0.3dev/ars/model/collision
	creating ARS-0.3dev/ars/model/contrib
	creating ARS-0.3dev/ars/model/geometry
	creating ARS-0.3dev/ars/model/physics
	creating ARS-0.3dev/ars/model/robot
	creating ARS-0.3dev/ars/model/simulator
	creating ARS-0.3dev/ars/utils
	making hard links in ARS-0.3dev...
	hard linking README.txt -> ARS-0.3dev
	hard linking setup.cfg -> ARS-0.3dev
	hard linking setup.py -> ARS-0.3dev
	hard linking ars/__init__.py -> ARS-0.3dev/ars
	hard linking ars/constants.py -> ARS-0.3dev/ars
	hard linking ars/exceptions.py -> ARS-0.3dev/ars
	hard linking ars/app/__init__.py -> ARS-0.3dev/ars/app
	hard linking ars/graphics/__init__.py -> ARS-0.3dev/ars/graphics
	hard linking ars/graphics/adapters.py -> ARS-0.3dev/ars/graphics
	hard linking ars/gui/__init__.py -> ARS-0.3dev/ars/gui
	hard linking ars/model/__init__.py -> ARS-0.3dev/ars/model
	hard linking ars/model/collision/__init__.py -> ARS-0.3dev/ars/model/collision
	hard linking ars/model/collision/adapters.py -> ARS-0.3dev/ars/model/collision
	hard linking ars/model/collision/base.py -> ARS-0.3dev/ars/model/collision
	hard linking ars/model/contrib/__init__.py -> ARS-0.3dev/ars/model/contrib
	hard linking ars/model/contrib/caster.py -> ARS-0.3dev/ars/model/contrib
	hard linking ars/model/contrib/ragdoll.py -> ARS-0.3dev/ars/model/contrib
	hard linking ars/model/geometry/__init__.py -> ARS-0.3dev/ars/model/geometry
	hard linking ars/model/physics/__init__.py -> ARS-0.3dev/ars/model/physics
	hard linking ars/model/physics/adapters.py -> ARS-0.3dev/ars/model/physics
	hard linking ars/model/physics/base.py -> ARS-0.3dev/ars/model/physics
	hard linking ars/model/robot/__init__.py -> ARS-0.3dev/ars/model/robot
	hard linking ars/model/robot/actuators.py -> ARS-0.3dev/ars/model/robot
	hard linking ars/model/robot/joints.py -> ARS-0.3dev/ars/model/robot
	hard linking ars/model/robot/sensors.py -> ARS-0.3dev/ars/model/robot
	hard linking ars/model/simulator/__init__.py -> ARS-0.3dev/ars/model/simulator
	hard linking ars/utils/__init__.py -> ARS-0.3dev/ars/utils
	hard linking ars/utils/containers.py -> ARS-0.3dev/ars/utils
	hard linking ars/utils/generic.py -> ARS-0.3dev/ars/utils
	hard linking ars/utils/mathematical.py -> ARS-0.3dev/ars/utils
	Creating tar archive
	removing 'ARS-0.3dev' (and everything under it)
	running upload
	Submitting dist/ARS-0.3dev.tar.gz to http://pypi.python.org/pypi
	Server response (200): OK

german@german-T400:~/Prog/WS/PyCharm/MSc/ars$ python setup.py sdist
	running sdist
	running check
	reading manifest template 'MANIFEST.in'
	warning: no files found matching '*.txt' under directory 'docs'
	writing manifest file 'MANIFEST'
	creating ARS-0.3dev
	creating ARS-0.3dev/ars
	creating ARS-0.3dev/ars/app
	creating ARS-0.3dev/ars/graphics
	creating ARS-0.3dev/ars/gui
	creating ARS-0.3dev/ars/model
	creating ARS-0.3dev/ars/model/collision
	creating ARS-0.3dev/ars/model/contrib
	creating ARS-0.3dev/ars/model/geometry
	creating ARS-0.3dev/ars/model/physics
	creating ARS-0.3dev/ars/model/robot
	creating ARS-0.3dev/ars/model/simulator
	creating ARS-0.3dev/ars/utils
	making hard links in ARS-0.3dev...
	hard linking ARS installation - Ubuntu 12.04, ODE 0.12.txt -> ARS-0.3dev
	hard linking ARS installation - Ubuntu.txt -> ARS-0.3dev
	hard linking CHANGES.txt -> ARS-0.3dev
	hard linking Frame of reference.txt -> ARS-0.3dev
	hard linking LICENSE.txt -> ARS-0.3dev
	hard linking README.txt -> ARS-0.3dev
	hard linking VTK Installation from source - Linux.txt -> ARS-0.3dev
	hard linking VTK installation - Windows.txt -> ARS-0.3dev
	hard linking development notes.txt -> ARS-0.3dev
	hard linking documentation generation.txt -> ARS-0.3dev
	hard linking laser.py output 2. edit.txt -> ARS-0.3dev
	hard linking laser.py output 2.txt -> ARS-0.3dev
	hard linking laser.py output 3. edit.txt -> ARS-0.3dev
	hard linking laser.py output 3.txt -> ARS-0.3dev
	hard linking ray_collision.py output 2. edit.txt -> ARS-0.3dev
	hard linking ray_collision.py output 2.txt -> ARS-0.3dev
	hard linking setup.cfg -> ARS-0.3dev
	hard linking setup.py -> ARS-0.3dev
	'/bin/ControlledSimpleArm.py' not a regular file -- skipping
	'/bin/FallingBalls.py' not a regular file -- skipping
	'/bin/SimpleArm.py' not a regular file -- skipping
	'/bin/VehicleWithArm.py' not a regular file -- skipping
	'/bin/VehicleWithControlledArm.py' not a regular file -- skipping
	hard linking ars/__init__.py -> ARS-0.3dev/ars
	hard linking ars/constants.py -> ARS-0.3dev/ars
	hard linking ars/exceptions.py -> ARS-0.3dev/ars
	hard linking ars/app/__init__.py -> ARS-0.3dev/ars/app
	hard linking ars/graphics/__init__.py -> ARS-0.3dev/ars/graphics
	hard linking ars/graphics/adapters.py -> ARS-0.3dev/ars/graphics
	hard linking ars/gui/__init__.py -> ARS-0.3dev/ars/gui
	hard linking ars/model/__init__.py -> ARS-0.3dev/ars/model
	hard linking ars/model/collision/__init__.py -> ARS-0.3dev/ars/model/collision
	hard linking ars/model/collision/adapters.py -> ARS-0.3dev/ars/model/collision
	hard linking ars/model/collision/base.py -> ARS-0.3dev/ars/model/collision
	hard linking ars/model/contrib/__init__.py -> ARS-0.3dev/ars/model/contrib
	hard linking ars/model/contrib/caster.py -> ARS-0.3dev/ars/model/contrib
	hard linking ars/model/contrib/ragdoll.py -> ARS-0.3dev/ars/model/contrib
	hard linking ars/model/geometry/__init__.py -> ARS-0.3dev/ars/model/geometry
	hard linking ars/model/physics/__init__.py -> ARS-0.3dev/ars/model/physics
	hard linking ars/model/physics/adapters.py -> ARS-0.3dev/ars/model/physics
	hard linking ars/model/physics/base.py -> ARS-0.3dev/ars/model/physics
	hard linking ars/model/robot/__init__.py -> ARS-0.3dev/ars/model/robot
	hard linking ars/model/robot/actuators.py -> ARS-0.3dev/ars/model/robot
	hard linking ars/model/robot/joints.py -> ARS-0.3dev/ars/model/robot
	hard linking ars/model/robot/sensors.py -> ARS-0.3dev/ars/model/robot
	hard linking ars/model/simulator/__init__.py -> ARS-0.3dev/ars/model/simulator
	hard linking ars/utils/__init__.py -> ARS-0.3dev/ars/utils
	hard linking ars/utils/containers.py -> ARS-0.3dev/ars/utils
	hard linking ars/utils/generic.py -> ARS-0.3dev/ars/utils
	hard linking ars/utils/mathematical.py -> ARS-0.3dev/ars/utils
	Creating tar archive
	removing 'ARS-0.3dev' (and everything under it)

german@german-T400:~/Prog/WS/PyCharm/MSc/ars$ python setup.py sdist
	running sdist
	running check
	reading manifest template 'MANIFEST.in'
	writing manifest file 'MANIFEST'
	creating ARS-0.3dev
	creating ARS-0.3dev/ars
	creating ARS-0.3dev/ars/app
	creating ARS-0.3dev/ars/graphics
	creating ARS-0.3dev/ars/gui
	creating ARS-0.3dev/ars/model
	creating ARS-0.3dev/ars/model/collision
	creating ARS-0.3dev/ars/model/contrib
	creating ARS-0.3dev/ars/model/geometry
	creating ARS-0.3dev/ars/model/physics
	creating ARS-0.3dev/ars/model/robot
	creating ARS-0.3dev/ars/model/simulator
	creating ARS-0.3dev/ars/utils
	creating ARS-0.3dev/docs
	making hard links in ARS-0.3dev...
	hard linking ARS installation - Ubuntu 12.04, ODE 0.12.txt -> ARS-0.3dev
	hard linking ARS installation - Ubuntu.txt -> ARS-0.3dev
	hard linking AUTHORS.txt -> ARS-0.3dev
	hard linking CHANGES.txt -> ARS-0.3dev
	hard linking INSTALL.txt -> ARS-0.3dev
	hard linking LICENSE.txt -> ARS-0.3dev
	hard linking README.txt -> ARS-0.3dev
	hard linking development notes.txt -> ARS-0.3dev
	hard linking setup.cfg -> ARS-0.3dev
	hard linking setup.py -> ARS-0.3dev
	'/bin/ControlledSimpleArm.py' not a regular file -- skipping
	'/bin/FallingBalls.py' not a regular file -- skipping
	'/bin/SimpleArm.py' not a regular file -- skipping
	'/bin/VehicleWithArm.py' not a regular file -- skipping
	'/bin/VehicleWithControlledArm.py' not a regular file -- skipping
	hard linking ars/__init__.py -> ARS-0.3dev/ars
	hard linking ars/constants.py -> ARS-0.3dev/ars
	hard linking ars/exceptions.py -> ARS-0.3dev/ars
	hard linking ars/app/__init__.py -> ARS-0.3dev/ars/app
	hard linking ars/graphics/__init__.py -> ARS-0.3dev/ars/graphics
	hard linking ars/graphics/adapters.py -> ARS-0.3dev/ars/graphics
	hard linking ars/gui/__init__.py -> ARS-0.3dev/ars/gui
	hard linking ars/model/__init__.py -> ARS-0.3dev/ars/model
	hard linking ars/model/collision/__init__.py -> ARS-0.3dev/ars/model/collision
	hard linking ars/model/collision/adapters.py -> ARS-0.3dev/ars/model/collision
	hard linking ars/model/collision/base.py -> ARS-0.3dev/ars/model/collision
	hard linking ars/model/contrib/__init__.py -> ARS-0.3dev/ars/model/contrib
	hard linking ars/model/contrib/caster.py -> ARS-0.3dev/ars/model/contrib
	hard linking ars/model/contrib/ragdoll.py -> ARS-0.3dev/ars/model/contrib
	hard linking ars/model/geometry/__init__.py -> ARS-0.3dev/ars/model/geometry
	hard linking ars/model/physics/__init__.py -> ARS-0.3dev/ars/model/physics
	hard linking ars/model/physics/adapters.py -> ARS-0.3dev/ars/model/physics
	hard linking ars/model/physics/base.py -> ARS-0.3dev/ars/model/physics
	hard linking ars/model/robot/__init__.py -> ARS-0.3dev/ars/model/robot
	hard linking ars/model/robot/actuators.py -> ARS-0.3dev/ars/model/robot
	hard linking ars/model/robot/joints.py -> ARS-0.3dev/ars/model/robot
	hard linking ars/model/robot/sensors.py -> ARS-0.3dev/ars/model/robot
	hard linking ars/model/simulator/__init__.py -> ARS-0.3dev/ars/model/simulator
	hard linking ars/utils/__init__.py -> ARS-0.3dev/ars/utils
	hard linking ars/utils/containers.py -> ARS-0.3dev/ars/utils
	hard linking ars/utils/generic.py -> ARS-0.3dev/ars/utils
	hard linking ars/utils/mathematical.py -> ARS-0.3dev/ars/utils
	hard linking docs/Frame of reference.txt -> ARS-0.3dev/docs
	hard linking docs/VTK Installation from source - Linux.txt -> ARS-0.3dev/docs
	hard linking docs/VTK installation - Windows.txt -> ARS-0.3dev/docs
	hard linking docs/documentation generation.txt -> ARS-0.3dev/docs
	Creating tar archive
	removing 'ARS-0.3dev' (and everything under it)

german@german-T400:~/Prog/WS/PyCharm/MSc/ars$ python setup.py sdist
	running sdist
	running check
	reading manifest template 'MANIFEST.in'
	writing manifest file 'MANIFEST'
	creating ARS-0.3dev
	creating ARS-0.3dev/ars
	creating ARS-0.3dev/ars/app
	creating ARS-0.3dev/ars/graphics
	creating ARS-0.3dev/ars/gui
	creating ARS-0.3dev/ars/model
	creating ARS-0.3dev/ars/model/collision
	creating ARS-0.3dev/ars/model/contrib
	creating ARS-0.3dev/ars/model/geometry
	creating ARS-0.3dev/ars/model/physics
	creating ARS-0.3dev/ars/model/robot
	creating ARS-0.3dev/ars/model/simulator
	creating ARS-0.3dev/ars/utils
	creating ARS-0.3dev/docs
	making hard links in ARS-0.3dev...
	hard linking AUTHORS.txt -> ARS-0.3dev
	hard linking CHANGES.txt -> ARS-0.3dev
	hard linking INSTALL.txt -> ARS-0.3dev
	hard linking LICENSE.txt -> ARS-0.3dev
	hard linking README.txt -> ARS-0.3dev
	hard linking setup.cfg -> ARS-0.3dev
	hard linking setup.py -> ARS-0.3dev
	'/bin/ControlledSimpleArm.py' not a regular file -- skipping
	'/bin/FallingBalls.py' not a regular file -- skipping
	'/bin/SimpleArm.py' not a regular file -- skipping
	'/bin/VehicleWithArm.py' not a regular file -- skipping
	'/bin/VehicleWithControlledArm.py' not a regular file -- skipping
	hard linking ars/__init__.py -> ARS-0.3dev/ars
	hard linking ars/constants.py -> ARS-0.3dev/ars
	hard linking ars/exceptions.py -> ARS-0.3dev/ars
	hard linking ars/app/__init__.py -> ARS-0.3dev/ars/app
	hard linking ars/graphics/__init__.py -> ARS-0.3dev/ars/graphics
	hard linking ars/graphics/adapters.py -> ARS-0.3dev/ars/graphics
	hard linking ars/gui/__init__.py -> ARS-0.3dev/ars/gui
	hard linking ars/model/__init__.py -> ARS-0.3dev/ars/model
	hard linking ars/model/collision/__init__.py -> ARS-0.3dev/ars/model/collision
	hard linking ars/model/collision/adapters.py -> ARS-0.3dev/ars/model/collision
	hard linking ars/model/collision/base.py -> ARS-0.3dev/ars/model/collision
	hard linking ars/model/contrib/__init__.py -> ARS-0.3dev/ars/model/contrib
	hard linking ars/model/contrib/caster.py -> ARS-0.3dev/ars/model/contrib
	hard linking ars/model/contrib/ragdoll.py -> ARS-0.3dev/ars/model/contrib
	hard linking ars/model/geometry/__init__.py -> ARS-0.3dev/ars/model/geometry
	hard linking ars/model/physics/__init__.py -> ARS-0.3dev/ars/model/physics
	hard linking ars/model/physics/adapters.py -> ARS-0.3dev/ars/model/physics
	hard linking ars/model/physics/base.py -> ARS-0.3dev/ars/model/physics
	hard linking ars/model/robot/__init__.py -> ARS-0.3dev/ars/model/robot
	hard linking ars/model/robot/actuators.py -> ARS-0.3dev/ars/model/robot
	hard linking ars/model/robot/joints.py -> ARS-0.3dev/ars/model/robot
	hard linking ars/model/robot/sensors.py -> ARS-0.3dev/ars/model/robot
	hard linking ars/model/simulator/__init__.py -> ARS-0.3dev/ars/model/simulator
	hard linking ars/utils/__init__.py -> ARS-0.3dev/ars/utils
	hard linking ars/utils/containers.py -> ARS-0.3dev/ars/utils
	hard linking ars/utils/generic.py -> ARS-0.3dev/ars/utils
	hard linking ars/utils/mathematical.py -> ARS-0.3dev/ars/utils
	hard linking docs/ARS installation - Ubuntu 12.04, ODE 0.12.txt -> ARS-0.3dev/docs
	hard linking docs/ARS installation - Ubuntu.txt -> ARS-0.3dev/docs
	hard linking docs/Frame of reference.txt -> ARS-0.3dev/docs
	hard linking docs/VTK Installation from source - Linux.txt -> ARS-0.3dev/docs
	hard linking docs/VTK installation - Windows.txt -> ARS-0.3dev/docs
	hard linking docs/development notes.txt -> ARS-0.3dev/docs
	hard linking docs/documentation generation.txt -> ARS-0.3dev/docs
	Creating tar archive
	removing 'ARS-0.3dev' (and everything under it)

german@german-T400:~/Prog/WS/PyCharm/MSc/ars$ python setup.py sdist
	running sdist
	running check
	reading manifest template 'MANIFEST.in'
	writing manifest file 'MANIFEST'
	creating ARS-0.3dev
	creating ARS-0.3dev/ars
	creating ARS-0.3dev/ars/app
	creating ARS-0.3dev/ars/graphics
	creating ARS-0.3dev/ars/gui
	creating ARS-0.3dev/ars/model
	creating ARS-0.3dev/ars/model/collision
	creating ARS-0.3dev/ars/model/contrib
	creating ARS-0.3dev/ars/model/geometry
	creating ARS-0.3dev/ars/model/physics
	creating ARS-0.3dev/ars/model/robot
	creating ARS-0.3dev/ars/model/simulator
	creating ARS-0.3dev/ars/utils
	creating ARS-0.3dev/bin
	creating ARS-0.3dev/docs
	making hard links in ARS-0.3dev...
	hard linking AUTHORS.txt -> ARS-0.3dev
	hard linking CHANGES.txt -> ARS-0.3dev
	hard linking INSTALL.txt -> ARS-0.3dev
	hard linking LICENSE.txt -> ARS-0.3dev
	hard linking README.txt -> ARS-0.3dev
	hard linking setup.cfg -> ARS-0.3dev
	hard linking setup.py -> ARS-0.3dev
	hard linking ars/__init__.py -> ARS-0.3dev/ars
	hard linking ars/constants.py -> ARS-0.3dev/ars
	hard linking ars/exceptions.py -> ARS-0.3dev/ars
	hard linking ars/app/__init__.py -> ARS-0.3dev/ars/app
	hard linking ars/graphics/__init__.py -> ARS-0.3dev/ars/graphics
	hard linking ars/graphics/adapters.py -> ARS-0.3dev/ars/graphics
	hard linking ars/gui/__init__.py -> ARS-0.3dev/ars/gui
	hard linking ars/model/__init__.py -> ARS-0.3dev/ars/model
	hard linking ars/model/collision/__init__.py -> ARS-0.3dev/ars/model/collision
	hard linking ars/model/collision/adapters.py -> ARS-0.3dev/ars/model/collision
	hard linking ars/model/collision/base.py -> ARS-0.3dev/ars/model/collision
	hard linking ars/model/contrib/__init__.py -> ARS-0.3dev/ars/model/contrib
	hard linking ars/model/contrib/caster.py -> ARS-0.3dev/ars/model/contrib
	hard linking ars/model/contrib/ragdoll.py -> ARS-0.3dev/ars/model/contrib
	hard linking ars/model/geometry/__init__.py -> ARS-0.3dev/ars/model/geometry
	hard linking ars/model/physics/__init__.py -> ARS-0.3dev/ars/model/physics
	hard linking ars/model/physics/adapters.py -> ARS-0.3dev/ars/model/physics
	hard linking ars/model/physics/base.py -> ARS-0.3dev/ars/model/physics
	hard linking ars/model/robot/__init__.py -> ARS-0.3dev/ars/model/robot
	hard linking ars/model/robot/actuators.py -> ARS-0.3dev/ars/model/robot
	hard linking ars/model/robot/joints.py -> ARS-0.3dev/ars/model/robot
	hard linking ars/model/robot/sensors.py -> ARS-0.3dev/ars/model/robot
	hard linking ars/model/simulator/__init__.py -> ARS-0.3dev/ars/model/simulator
	hard linking ars/utils/__init__.py -> ARS-0.3dev/ars/utils
	hard linking ars/utils/containers.py -> ARS-0.3dev/ars/utils
	hard linking ars/utils/generic.py -> ARS-0.3dev/ars/utils
	hard linking ars/utils/mathematical.py -> ARS-0.3dev/ars/utils
	hard linking bin/ControlledSimpleArm.py -> ARS-0.3dev/bin
	hard linking bin/FallingBalls.py -> ARS-0.3dev/bin
	hard linking bin/SimpleArm.py -> ARS-0.3dev/bin
	hard linking bin/VehicleWithArm.py -> ARS-0.3dev/bin
	hard linking bin/VehicleWithControlledArm.py -> ARS-0.3dev/bin
	hard linking docs/ARS installation - Ubuntu 12.04, ODE 0.12.txt -> ARS-0.3dev/docs
	hard linking docs/ARS installation - Ubuntu.txt -> ARS-0.3dev/docs
	hard linking docs/Frame of reference.txt -> ARS-0.3dev/docs
	hard linking docs/VTK Installation from source - Linux.txt -> ARS-0.3dev/docs
	hard linking docs/VTK installation - Windows.txt -> ARS-0.3dev/docs
	hard linking docs/development notes.txt -> ARS-0.3dev/docs
	hard linking docs/documentation generation.txt -> ARS-0.3dev/docs
	Creating tar archive
	removing 'ARS-0.3dev' (and everything under it)

german@german-T400:~/Prog/WS/PyCharm/MSc/ars$ python setup.py sdist upload
	running sdist
	running check
	reading manifest template 'MANIFEST.in'
	writing manifest file 'MANIFEST'
	creating ARS-0.3dev
	creating ARS-0.3dev/ars
	creating ARS-0.3dev/ars/app
	creating ARS-0.3dev/ars/graphics
	creating ARS-0.3dev/ars/gui
	creating ARS-0.3dev/ars/model
	creating ARS-0.3dev/ars/model/collision
	creating ARS-0.3dev/ars/model/contrib
	creating ARS-0.3dev/ars/model/geometry
	creating ARS-0.3dev/ars/model/physics
	creating ARS-0.3dev/ars/model/robot
	creating ARS-0.3dev/ars/model/simulator
	creating ARS-0.3dev/ars/utils
	creating ARS-0.3dev/bin
	creating ARS-0.3dev/docs
	making hard links in ARS-0.3dev...
	hard linking AUTHORS.txt -> ARS-0.3dev
	hard linking CHANGES.txt -> ARS-0.3dev
	hard linking INSTALL.txt -> ARS-0.3dev
	hard linking LICENSE.txt -> ARS-0.3dev
	hard linking README.txt -> ARS-0.3dev
	hard linking setup.cfg -> ARS-0.3dev
	hard linking setup.py -> ARS-0.3dev
	hard linking ars/__init__.py -> ARS-0.3dev/ars
	hard linking ars/constants.py -> ARS-0.3dev/ars
	hard linking ars/exceptions.py -> ARS-0.3dev/ars
	hard linking ars/app/__init__.py -> ARS-0.3dev/ars/app
	hard linking ars/graphics/__init__.py -> ARS-0.3dev/ars/graphics
	hard linking ars/graphics/adapters.py -> ARS-0.3dev/ars/graphics
	hard linking ars/gui/__init__.py -> ARS-0.3dev/ars/gui
	hard linking ars/model/__init__.py -> ARS-0.3dev/ars/model
	hard linking ars/model/collision/__init__.py -> ARS-0.3dev/ars/model/collision
	hard linking ars/model/collision/adapters.py -> ARS-0.3dev/ars/model/collision
	hard linking ars/model/collision/base.py -> ARS-0.3dev/ars/model/collision
	hard linking ars/model/contrib/__init__.py -> ARS-0.3dev/ars/model/contrib
	hard linking ars/model/contrib/caster.py -> ARS-0.3dev/ars/model/contrib
	hard linking ars/model/contrib/ragdoll.py -> ARS-0.3dev/ars/model/contrib
	hard linking ars/model/geometry/__init__.py -> ARS-0.3dev/ars/model/geometry
	hard linking ars/model/physics/__init__.py -> ARS-0.3dev/ars/model/physics
	hard linking ars/model/physics/adapters.py -> ARS-0.3dev/ars/model/physics
	hard linking ars/model/physics/base.py -> ARS-0.3dev/ars/model/physics
	hard linking ars/model/robot/__init__.py -> ARS-0.3dev/ars/model/robot
	hard linking ars/model/robot/actuators.py -> ARS-0.3dev/ars/model/robot
	hard linking ars/model/robot/joints.py -> ARS-0.3dev/ars/model/robot
	hard linking ars/model/robot/sensors.py -> ARS-0.3dev/ars/model/robot
	hard linking ars/model/simulator/__init__.py -> ARS-0.3dev/ars/model/simulator
	hard linking ars/utils/__init__.py -> ARS-0.3dev/ars/utils
	hard linking ars/utils/containers.py -> ARS-0.3dev/ars/utils
	hard linking ars/utils/generic.py -> ARS-0.3dev/ars/utils
	hard linking ars/utils/mathematical.py -> ARS-0.3dev/ars/utils
	hard linking bin/ControlledSimpleArm.py -> ARS-0.3dev/bin
	hard linking bin/FallingBalls.py -> ARS-0.3dev/bin
	hard linking bin/SimpleArm.py -> ARS-0.3dev/bin
	hard linking bin/VehicleWithArm.py -> ARS-0.3dev/bin
	hard linking bin/VehicleWithControlledArm.py -> ARS-0.3dev/bin
	hard linking docs/ARS installation - Ubuntu 12.04, ODE 0.12.txt -> ARS-0.3dev/docs
	hard linking docs/ARS installation - Ubuntu.txt -> ARS-0.3dev/docs
	hard linking docs/Frame of reference.txt -> ARS-0.3dev/docs
	hard linking docs/VTK Installation from source - Linux.txt -> ARS-0.3dev/docs
	hard linking docs/VTK installation - Windows.txt -> ARS-0.3dev/docs
	hard linking docs/development notes.txt -> ARS-0.3dev/docs
	hard linking docs/documentation generation.txt -> ARS-0.3dev/docs
	Creating tar archive
	removing 'ARS-0.3dev' (and everything under it)
	running upload
	Submitting dist/ARS-0.3dev.tar.gz to http://pypi.python.org/pypi
	Upload failed (400): A file named "ARS-0.3dev.tar.gz" already exists for  ARS-0.3dev. To fix problems with that file you should create a new release.

german@german-T400:~/Prog/WS/PyCharm/MSc/ars$ python setup.py sdist upload
	running sdist
	running check
	reading manifest template 'MANIFEST.in'
	writing manifest file 'MANIFEST'
	creating ARS-0.3dev
	creating ARS-0.3dev/ars
	creating ARS-0.3dev/ars/app
	creating ARS-0.3dev/ars/graphics
	creating ARS-0.3dev/ars/gui
	creating ARS-0.3dev/ars/model
	creating ARS-0.3dev/ars/model/collision
	creating ARS-0.3dev/ars/model/contrib
	creating ARS-0.3dev/ars/model/geometry
	creating ARS-0.3dev/ars/model/physics
	creating ARS-0.3dev/ars/model/robot
	creating ARS-0.3dev/ars/model/simulator
	creating ARS-0.3dev/ars/utils
	creating ARS-0.3dev/bin
	creating ARS-0.3dev/docs
	making hard links in ARS-0.3dev...
	hard linking AUTHORS.txt -> ARS-0.3dev
	hard linking CHANGES.txt -> ARS-0.3dev
	hard linking INSTALL.txt -> ARS-0.3dev
	hard linking LICENSE.txt -> ARS-0.3dev
	hard linking README.txt -> ARS-0.3dev
	hard linking setup.cfg -> ARS-0.3dev
	hard linking setup.py -> ARS-0.3dev
	hard linking ars/__init__.py -> ARS-0.3dev/ars
	hard linking ars/constants.py -> ARS-0.3dev/ars
	hard linking ars/exceptions.py -> ARS-0.3dev/ars
	hard linking ars/app/__init__.py -> ARS-0.3dev/ars/app
	hard linking ars/graphics/__init__.py -> ARS-0.3dev/ars/graphics
	hard linking ars/graphics/adapters.py -> ARS-0.3dev/ars/graphics
	hard linking ars/gui/__init__.py -> ARS-0.3dev/ars/gui
	hard linking ars/model/__init__.py -> ARS-0.3dev/ars/model
	hard linking ars/model/collision/__init__.py -> ARS-0.3dev/ars/model/collision
	hard linking ars/model/collision/adapters.py -> ARS-0.3dev/ars/model/collision
	hard linking ars/model/collision/base.py -> ARS-0.3dev/ars/model/collision
	hard linking ars/model/contrib/__init__.py -> ARS-0.3dev/ars/model/contrib
	hard linking ars/model/contrib/caster.py -> ARS-0.3dev/ars/model/contrib
	hard linking ars/model/contrib/ragdoll.py -> ARS-0.3dev/ars/model/contrib
	hard linking ars/model/geometry/__init__.py -> ARS-0.3dev/ars/model/geometry
	hard linking ars/model/physics/__init__.py -> ARS-0.3dev/ars/model/physics
	hard linking ars/model/physics/adapters.py -> ARS-0.3dev/ars/model/physics
	hard linking ars/model/physics/base.py -> ARS-0.3dev/ars/model/physics
	hard linking ars/model/robot/__init__.py -> ARS-0.3dev/ars/model/robot
	hard linking ars/model/robot/actuators.py -> ARS-0.3dev/ars/model/robot
	hard linking ars/model/robot/joints.py -> ARS-0.3dev/ars/model/robot
	hard linking ars/model/robot/sensors.py -> ARS-0.3dev/ars/model/robot
	hard linking ars/model/simulator/__init__.py -> ARS-0.3dev/ars/model/simulator
	hard linking ars/utils/__init__.py -> ARS-0.3dev/ars/utils
	hard linking ars/utils/containers.py -> ARS-0.3dev/ars/utils
	hard linking ars/utils/generic.py -> ARS-0.3dev/ars/utils
	hard linking ars/utils/mathematical.py -> ARS-0.3dev/ars/utils
	hard linking bin/ControlledSimpleArm.py -> ARS-0.3dev/bin
	hard linking bin/FallingBalls.py -> ARS-0.3dev/bin
	hard linking bin/SimpleArm.py -> ARS-0.3dev/bin
	hard linking bin/VehicleWithArm.py -> ARS-0.3dev/bin
	hard linking bin/VehicleWithControlledArm.py -> ARS-0.3dev/bin
	hard linking docs/ARS installation - Ubuntu 12.04, ODE 0.12.txt -> ARS-0.3dev/docs
	hard linking docs/ARS installation - Ubuntu.txt -> ARS-0.3dev/docs
	hard linking docs/Frame of reference.txt -> ARS-0.3dev/docs
	hard linking docs/VTK Installation from source - Linux.txt -> ARS-0.3dev/docs
	hard linking docs/VTK installation - Windows.txt -> ARS-0.3dev/docs
	hard linking docs/development notes.txt -> ARS-0.3dev/docs
	hard linking docs/documentation generation.txt -> ARS-0.3dev/docs
	Creating tar archive
	removing 'ARS-0.3dev' (and everything under it)
	running upload
	Submitting dist/ARS-0.3dev.tar.gz to http://pypi.python.org/pypi
	Server response (200): OK

german@german-T400:~/Prog/WS/PyCharm/MSc/ars$ python setup.py register
	running register
	running check
	warning: check: Unexpected indentation. (line 15)

	warning: check: Block quote ends without a blank line; unexpected unindent. (line 16)

	Registering ARS to http://pypi.python.org/pypi
	Server response (200): OK

