german@german-T400:~$ cd /home/german/Prog/WS/PyCharm/MSc/ars/docs/sphinx
german@german-T400:~/Prog/WS/PyCharm/MSc/ars/docs/sphinx$ make html
	sphinx-build -b html -d build/doctrees   source build/html
	Running Sphinx v1.1.3
	loading pickled environment... done
	building [html]: targets for 0 source files that are out of date
	updating environment: 18 added, 0 changed, 0 removed
	Traceback (most recent call last):rs                                                                                                                                              
	  File "/usr/lib/python2.7/dist-packages/sphinx/ext/autodoc.py", line 321, in import_object
		__import__(self.modname)
	ImportError: No module named ars.constants
	Traceback (most recent call last):
	  File "/usr/lib/python2.7/dist-packages/sphinx/ext/autodoc.py", line 321, in import_object
		__import__(self.modname)
	ImportError: No module named ars.exceptions
	Traceback (most recent call last):rs.app                                                                                                                                          
	  File "/usr/lib/python2.7/dist-packages/sphinx/ext/autodoc.py", line 321, in import_object
		__import__(self.modname)
	ImportError: No module named ars.app
	Traceback (most recent call last):rs.graphics                                                                                                                                     
	  File "/usr/lib/python2.7/dist-packages/sphinx/ext/autodoc.py", line 321, in import_object
		__import__(self.modname)
	ImportError: No module named ars.graphics
	Traceback (most recent call last):
	  File "/usr/lib/python2.7/dist-packages/sphinx/ext/autodoc.py", line 321, in import_object
		__import__(self.modname)
	ImportError: No module named ars.graphics.adapters
	Traceback (most recent call last):rs.gui                                                                                                                                          
	  File "/usr/lib/python2.7/dist-packages/sphinx/ext/autodoc.py", line 321, in import_object
		__import__(self.modname)
	ImportError: No module named ars.gui
	Traceback (most recent call last):rs.lib                                                                                                                                          
	  File "/usr/lib/python2.7/dist-packages/sphinx/ext/autodoc.py", line 321, in import_object
		__import__(self.modname)
	ImportError: No module named ars.lib
	Traceback (most recent call last):rs.lib.pydispatch                                                                                                                               
	  File "/usr/lib/python2.7/dist-packages/sphinx/ext/autodoc.py", line 321, in import_object
		__import__(self.modname)
	ImportError: No module named ars.lib.pydispatch
	Traceback (most recent call last):
	  File "/usr/lib/python2.7/dist-packages/sphinx/ext/autodoc.py", line 321, in import_object
		__import__(self.modname)
	ImportError: No module named ars.lib.pydispatch.dispatcher
	Traceback (most recent call last):
	  File "/usr/lib/python2.7/dist-packages/sphinx/ext/autodoc.py", line 321, in import_object
		__import__(self.modname)
	ImportError: No module named ars.lib.pydispatch.errors
	Traceback (most recent call last):
	  File "/usr/lib/python2.7/dist-packages/sphinx/ext/autodoc.py", line 321, in import_object
		__import__(self.modname)
	ImportError: No module named ars.lib.pydispatch.robust
	Traceback (most recent call last):
	  File "/usr/lib/python2.7/dist-packages/sphinx/ext/autodoc.py", line 321, in import_object
		__import__(self.modname)
	ImportError: No module named ars.lib.pydispatch.robustapply
	Traceback (most recent call last):
	  File "/usr/lib/python2.7/dist-packages/sphinx/ext/autodoc.py", line 321, in import_object
		__import__(self.modname)
	ImportError: No module named ars.lib.pydispatch.saferef
	Traceback (most recent call last):rs.lib.pydispatch.tests                                                                                                                         
	  File "/usr/lib/python2.7/dist-packages/sphinx/ext/autodoc.py", line 321, in import_object
		__import__(self.modname)
	ImportError: No module named ars.lib.pydispatch.tests
	Traceback (most recent call last):
	  File "/usr/lib/python2.7/dist-packages/sphinx/ext/autodoc.py", line 321, in import_object
		__import__(self.modname)
	ImportError: No module named ars.lib.pydispatch.tests.test_dispatcher
	Traceback (most recent call last):
	  File "/usr/lib/python2.7/dist-packages/sphinx/ext/autodoc.py", line 321, in import_object
		__import__(self.modname)
	ImportError: No module named ars.lib.pydispatch.tests.test_robustapply
	Traceback (most recent call last):
	  File "/usr/lib/python2.7/dist-packages/sphinx/ext/autodoc.py", line 321, in import_object
		__import__(self.modname)
	ImportError: No module named ars.lib.pydispatch.tests.test_saferef
	Traceback (most recent call last):rs.model                                                                                                                                        
	  File "/usr/lib/python2.7/dist-packages/sphinx/ext/autodoc.py", line 321, in import_object
		__import__(self.modname)
	ImportError: No module named ars.model
	Traceback (most recent call last):rs.model.collision                                                                                                                              
	  File "/usr/lib/python2.7/dist-packages/sphinx/ext/autodoc.py", line 321, in import_object
		__import__(self.modname)
	ImportError: No module named ars.model.collision.adapters
	Traceback (most recent call last):
	  File "/usr/lib/python2.7/dist-packages/sphinx/ext/autodoc.py", line 321, in import_object
		__import__(self.modname)
	ImportError: No module named ars.model.collision.base
	Traceback (most recent call last):rs.model.contrib                                                                                                                                
	  File "/usr/lib/python2.7/dist-packages/sphinx/ext/autodoc.py", line 321, in import_object
		__import__(self.modname)
	ImportError: No module named ars.model.contrib.caster
	Traceback (most recent call last):
	  File "/usr/lib/python2.7/dist-packages/sphinx/ext/autodoc.py", line 321, in import_object
		__import__(self.modname)
	ImportError: No module named ars.model.contrib.ragdoll
	Traceback (most recent call last):rs.model.geometry                                                                                                                               
	  File "/usr/lib/python2.7/dist-packages/sphinx/ext/autodoc.py", line 321, in import_object
		__import__(self.modname)
	ImportError: No module named ars.model.geometry
	Traceback (most recent call last):rs.model.physics                                                                                                                                
	  File "/usr/lib/python2.7/dist-packages/sphinx/ext/autodoc.py", line 321, in import_object
		__import__(self.modname)
	ImportError: No module named ars.model.physics.adapters
	Traceback (most recent call last):
	  File "/usr/lib/python2.7/dist-packages/sphinx/ext/autodoc.py", line 321, in import_object
		__import__(self.modname)
	ImportError: No module named ars.model.physics.base
	Traceback (most recent call last):rs.model.robot                                                                                                                                  
	  File "/usr/lib/python2.7/dist-packages/sphinx/ext/autodoc.py", line 321, in import_object
		__import__(self.modname)
	ImportError: No module named ars.model.robot
	Traceback (most recent call last):
	  File "/usr/lib/python2.7/dist-packages/sphinx/ext/autodoc.py", line 321, in import_object
		__import__(self.modname)
	ImportError: No module named ars.model.robot.actuators
	Traceback (most recent call last):
	  File "/usr/lib/python2.7/dist-packages/sphinx/ext/autodoc.py", line 321, in import_object
		__import__(self.modname)
	ImportError: No module named ars.model.robot.joints
	Traceback (most recent call last):
	  File "/usr/lib/python2.7/dist-packages/sphinx/ext/autodoc.py", line 321, in import_object
		__import__(self.modname)
	ImportError: No module named ars.model.robot.sensors
	Traceback (most recent call last):rs.model.simulator                                                                                                                              
	  File "/usr/lib/python2.7/dist-packages/sphinx/ext/autodoc.py", line 321, in import_object
		__import__(self.modname)
	ImportError: No module named ars.model.simulator
	Traceback (most recent call last):rs.utils                                                                                                                                        
	  File "/usr/lib/python2.7/dist-packages/sphinx/ext/autodoc.py", line 321, in import_object
		__import__(self.modname)
	ImportError: No module named ars.utils.containers
	Traceback (most recent call last):
	  File "/usr/lib/python2.7/dist-packages/sphinx/ext/autodoc.py", line 321, in import_object
		__import__(self.modname)
	ImportError: No module named ars.utils.generic
	Traceback (most recent call last):
	  File "/usr/lib/python2.7/dist-packages/sphinx/ext/autodoc.py", line 321, in import_object
		__import__(self.modname)
	ImportError: No module named ars.utils.geometry
	Traceback (most recent call last):
	  File "/usr/lib/python2.7/dist-packages/sphinx/ext/autodoc.py", line 321, in import_object
		__import__(self.modname)
	ImportError: No module named ars.utils.mathematical
	Traceback (most recent call last):onf                                                                                                                                             
	  File "/usr/lib/python2.7/dist-packages/sphinx/ext/autodoc.py", line 321, in import_object
		__import__(self.modname)
	ImportError: No module named conf
	usage: sphinx-build [global_opts] cmd1 [cmd1_opts] [cmd2 [cmd2_opts] ...]                                                                                                         
	   or: sphinx-build --help [cmd1 cmd2 ...]
	   or: sphinx-build --help-commands
	   or: sphinx-build cmd --help

	error: option -b not recognized
	make: *** [html] Error 1

german@german-T400:~/Prog/WS/PyCharm/MSc/ars/docs/sphinx$ make html
	sphinx-build -b html -d build/doctrees   source build/html
	Running Sphinx v1.1.3
	loading pickled environment... done
	building [html]: targets for 0 source files that are out of date
	updating environment: 0 added, 0 changed, 0 removed
	looking for now-outdated files... none found
	no targets are out of date.

	Build finished. The HTML pages are in build/html.

german@german-T400:~/Prog/WS/PyCharm/MSc/ars/docs/sphinx$ make html
	sphinx-build -b html -d build/doctrees   source build/html
	Running Sphinx v1.1.3
	loading pickled environment... done
	building [html]: targets for 0 source files that are out of date
	updating environment: 1 added, 0 changed, 0 removed
	reading sources... [100%] ars_links                                                                                                                                               
	/home/german/Prog/WS/PyCharm/MSc/ars/docs/sphinx/source/ars_links.rst:1: WARNING: Title overline too short.

	=====
	ARS' External hyperlinks
	=====
	/home/german/Prog/WS/PyCharm/MSc/ars/docs/sphinx/source/ars_links.rst:10: WARNING: Explicit markup ends without a blank line; unexpected unindent.
	/home/german/Prog/WS/PyCharm/MSc/ars/docs/sphinx/source/ars_links.rst:10: ERROR: Unknown target name: "pypi".
	/home/german/Prog/WS/PyCharm/MSc/ars/docs/sphinx/source/ars_links.rst:10: ERROR: Unknown target name: "ohloh".
	looking for now-outdated files... none found
	pickling environment... done
	checking consistency... /home/german/Prog/WS/PyCharm/MSc/ars/docs/sphinx/source/ars_links.rst:: WARNING: document isn't included in any toctree
	done
	preparing documents... done
	writing output... [100%] index                                                                                                                                                    
	writing additional files... (0 module code pages) genindex search
	copying static files... done
	dumping search index... done
	dumping object inventory... done
	build succeeded, 5 warnings.

	Build finished. The HTML pages are in build/html.

german@german-T400:~/Prog/WS/PyCharm/MSc/ars/docs/sphinx$ make html
	sphinx-build -b html -d build/doctrees   source build/html
	Running Sphinx v1.1.3
	loading pickled environment... done
	building [html]: targets for 1 source files that are out of date
	updating environment: 0 added, 1 changed, 0 removed
	reading sources... [100%] ars_links                                                                                                                                               
	/home/german/Prog/WS/PyCharm/MSc/ars/docs/sphinx/source/ars_links.rst:10: WARNING: Explicit markup ends without a blank line; unexpected unindent.
	/home/german/Prog/WS/PyCharm/MSc/ars/docs/sphinx/source/ars_links.rst:10: ERROR: Unknown target name: "pypi".
	/home/german/Prog/WS/PyCharm/MSc/ars/docs/sphinx/source/ars_links.rst:10: ERROR: Unknown target name: "ohloh".
	looking for now-outdated files... none found
	pickling environment... done
	checking consistency... /home/german/Prog/WS/PyCharm/MSc/ars/docs/sphinx/source/ars_links.rst:: WARNING: document isn't included in any toctree
	done
	preparing documents... done
	writing output... [100%] index                                                                                                                                                    
	writing additional files... (0 module code pages) genindex search
	copying static files... done
	dumping search index... done
	dumping object inventory... done
	build succeeded, 4 warnings.

	Build finished. The HTML pages are in build/html.

german@german-T400:~/Prog/WS/PyCharm/MSc/ars/docs/sphinx$ make html
	sphinx-build -b html -d build/doctrees   source build/html
	Running Sphinx v1.1.3
	loading pickled environment... done
	building [html]: targets for 1 source files that are out of date
	updating environment: 0 added, 1 changed, 0 removed
	reading sources... [100%] ars_links                                                                                                                                               
	/home/german/Prog/WS/PyCharm/MSc/ars/docs/sphinx/source/ars_links.rst:10: WARNING: Explicit markup ends without a blank line; unexpected unindent.
	looking for now-outdated files... none found
	pickling environment... done
	checking consistency... /home/german/Prog/WS/PyCharm/MSc/ars/docs/sphinx/source/ars_links.rst:: WARNING: document isn't included in any toctree
	done
	preparing documents... done
	writing output... [100%] index                                                                                                                                                    
	writing additional files... (0 module code pages) genindex search
	copying static files... done
	dumping search index... done
	dumping object inventory... done
	build succeeded, 2 warnings.

	Build finished. The HTML pages are in build/html.

german@german-T400:~/Prog/WS/PyCharm/MSc/ars/docs/sphinx$ make html
	sphinx-build -b html -d build/doctrees   source build/html
	Running Sphinx v1.1.3
	loading pickled environment... done
	building [html]: targets for 1 source files that are out of date
	updating environment: 0 added, 1 changed, 0 removed
	reading sources... [100%] ars_links                                                                                                                                               
	looking for now-outdated files... none found
	pickling environment... done
	checking consistency... /home/german/Prog/WS/PyCharm/MSc/ars/docs/sphinx/source/ars_links.rst:: WARNING: document isn't included in any toctree
	done
	preparing documents... done
	writing output... [100%] index                                                                                                                                                    
	writing additional files... (0 module code pages) genindex search
	copying static files... done
	dumping search index... done
	dumping object inventory... done
	build succeeded, 1 warning.

	Build finished. The HTML pages are in build/html.

german@german-T400:~/Prog/WS/PyCharm/MSc/ars/docs/sphinx$ make html
	sphinx-build -b html -d build/doctrees   source build/html
	Running Sphinx v1.1.3
	loading pickled environment... done
	building [html]: targets for 1 source files that are out of date
	updating environment: 0 added, 1 changed, 0 removed
	reading sources... [100%] index                                                                                                                                                   
	looking for now-outdated files... none found
	pickling environment... done
	checking consistency... done
	preparing documents... done
	writing output... [100%] index                                                                                                                                                    
	writing additional files... (0 module code pages) genindex search
	copying static files... done
	dumping search index... done
	dumping object inventory... done
	build succeeded.

	Build finished. The HTML pages are in build/html.

german@german-T400:~/Prog/WS/PyCharm/MSc/ars/docs/sphinx$ make html
	sphinx-build -b html -d build/doctrees   source build/html
	Running Sphinx v1.1.3
	loading pickled environment... done
	building [html]: targets for 1 source files that are out of date
	updating environment: 0 added, 1 changed, 0 removed
	reading sources... [100%] ars_links                                                                                                                                               
	looking for now-outdated files... none found
	pickling environment... done
	checking consistency... done
	preparing documents... done
	writing output... [100%] index                                                                                                                                                    
	writing additional files... (0 module code pages) genindex search
	copying static files... done
	dumping search index... done
	dumping object inventory... done
	build succeeded.

	Build finished. The HTML pages are in build/html.

german@german-T400:~/Prog/WS/PyCharm/MSc/ars/docs/sphinx$ make html
	sphinx-build -b html -d build/doctrees   source build/html
	Running Sphinx v1.1.3
	loading pickled environment... done
	building [html]: targets for 1 source files that are out of date
	updating environment: 0 added, 1 changed, 0 removed
	reading sources... [100%] ars_links                                                                                                                                               
	looking for now-outdated files... none found
	pickling environment... done
	checking consistency... done
	preparing documents... done
	writing output... [100%] index                                                                                                                                                    
	writing additional files... (0 module code pages) genindex search
	copying static files... done
	dumping search index... done
	dumping object inventory... done
	build succeeded.

	Build finished. The HTML pages are in build/html.

german@german-T400:~/Prog/WS/PyCharm/MSc/ars/docs/sphinx$ make html
	sphinx-build -b html -d build/doctrees   source build/html
	Running Sphinx v1.1.3
	loading pickled environment... done
	building [html]: targets for 1 source files that are out of date
	updating environment: 0 added, 1 changed, 0 removed
	reading sources... [100%] ars_links                                                    
	looking for now-outdated files... none found
	pickling environment... done
	checking consistency... done
	preparing documents... done
	writing output... [100%] index                                                         
	writing additional files... (0 module code pages) genindex search
	copying static files... done
	dumping search index... done
	dumping object inventory... done
	build succeeded.

	Build finished. The HTML pages are in build/html.

german@german-T400:~/Prog/WS/PyCharm/MSc/ars/docs/sphinx$ make html
	sphinx-build -b html -d build/doctrees   source build/html
	Running Sphinx v1.1.3
	loading pickled environment... done
	building [html]: targets for 1 source files that are out of date
	updating environment: 0 added, 1 changed, 0 removed
	reading sources... [100%] ars_links                                                    
	looking for now-outdated files... none found
	pickling environment... done
	checking consistency... done
	preparing documents... done
	writing output... [100%] index                                                         
	writing additional files... (0 module code pages) genindex search
	copying static files... done
	dumping search index... done
	dumping object inventory... done
	build succeeded.

	Build finished. The HTML pages are in build/html.

german@german-T400:~/Prog/WS/PyCharm/MSc/ars/docs/sphinx$ make html
	sphinx-build -b html -d build/doctrees   source build/html
	Running Sphinx v1.1.3
	loading pickled environment... done
	building [html]: targets for 1 source files that are out of date
	updating environment: 0 added, 1 changed, 0 removed
	reading sources... [100%] ars_links                                                    
	/home/german/Prog/WS/PyCharm/MSc/ars/docs/sphinx/source/ars_links.rst:16: ERROR: Malformed table.
	Column span alignment problem at line offset 4.

	=====   ======
	item    URL
	-----   ------
	PyPI    PyPI_
	====    ======
	looking for now-outdated files... none found
	pickling environment... done
	checking consistency... done
	preparing documents... done
	writing output... [100%] index                                                         
	writing additional files... (0 module code pages) genindex search
	copying static files... done
	dumping search index... done
	dumping object inventory... done
	build succeeded, 1 warning.

	Build finished. The HTML pages are in build/html.

german@german-T400:~/Prog/WS/PyCharm/MSc/ars/docs/sphinx$ make html
	sphinx-build -b html -d build/doctrees   source build/html
	Running Sphinx v1.1.3
	loading pickled environment... done
	building [html]: targets for 1 source files that are out of date
	updating environment: 0 added, 1 changed, 0 removed
	reading sources... [100%] ars_links                                                    
	looking for now-outdated files... none found
	pickling environment... done
	checking consistency... done
	preparing documents... done
	writing output... [100%] index                                                         
	writing additional files... (0 module code pages) genindex search
	copying static files... done
	dumping search index... done
	dumping object inventory... done
	build succeeded.

	Build finished. The HTML pages are in build/html.

german@german-T400:~/Prog/WS/PyCharm/MSc/ars/docs/sphinx$ make html
	sphinx-build -b html -d build/doctrees   source build/html
	Running Sphinx v1.1.3
	loading pickled environment... done
	building [html]: targets for 1 source files that are out of date
	updating environment: 0 added, 1 changed, 0 removed
	reading sources... [100%] ars_links                                                    
	/home/german/Prog/WS/PyCharm/MSc/ars/docs/sphinx/source/ars_links.rst:16: ERROR: Malformed table.
	Text in column margin at line offset 3.

	========                ======================
	item                    URL
	--------                ----------------------
	Code repository Bitbucket_
	PyPI                    PyPI_
	========                ======================
	looking for now-outdated files... none found
	pickling environment... done
	checking consistency... done
	preparing documents... done
	writing output... [100%] index                                                         
	writing additional files... (0 module code pages) genindex search
	copying static files... done
	dumping search index... done
	dumping object inventory... done
	build succeeded, 1 warning.

	Build finished. The HTML pages are in build/html.

german@german-T400:~/Prog/WS/PyCharm/MSc/ars/docs/sphinx$ make html
	sphinx-build -b html -d build/doctrees   source build/html
	Running Sphinx v1.1.3
	loading pickled environment... done
	building [html]: targets for 0 source files that are out of date
	updating environment: 0 added, 0 changed, 0 removed
	looking for now-outdated files... none found
	no targets are out of date.

	Build finished. The HTML pages are in build/html.

german@german-T400:~/Prog/WS/PyCharm/MSc/ars/docs/sphinx$ make html
	sphinx-build -b html -d build/doctrees   source build/html
	Running Sphinx v1.1.3
	loading pickled environment... done
	building [html]: targets for 1 source files that are out of date
	updating environment: 0 added, 1 changed, 0 removed
	reading sources... [100%] ars_links                                                    
	/home/german/Prog/WS/PyCharm/MSc/ars/docs/sphinx/source/ars_links.rst:16: ERROR: Malformed table.
	Column span incomplete at line offset 2.

	========                                        ======================
	item                                            URL
	--------------------            ----------------------
	Code repository                         Bitbucket_
	PyPI                                            PyPI_
	========                                        ======================
	looking for now-outdated files... none found
	pickling environment... done
	checking consistency... done
	preparing documents... done
	writing output... [100%] index                                                         
	writing additional files... (0 module code pages) genindex search
	copying static files... done
	dumping search index... done
	dumping object inventory... done
	build succeeded, 1 warning.

	Build finished. The HTML pages are in build/html.

german@german-T400:~/Prog/WS/PyCharm/MSc/ars/docs/sphinx$ make html
	sphinx-build -b html -d build/doctrees   source build/html
	Running Sphinx v1.1.3
	loading pickled environment... done
	building [html]: targets for 1 source files that are out of date
	updating environment: 0 added, 1 changed, 0 removed
	reading sources... [100%] ars_links                                                    
	looking for now-outdated files... none found
	pickling environment... done
	checking consistency... done
	preparing documents... done
	writing output... [100%] index                                                         
	writing additional files... (0 module code pages) genindex search
	copying static files... done
	dumping search index... done
	dumping object inventory... done
	build succeeded.

	Build finished. The HTML pages are in build/html.

german@german-T400:~/Prog/WS/PyCharm/MSc/ars/docs/sphinx$ make html
	sphinx-build -b html -d build/doctrees   source build/html
	Running Sphinx v1.1.3
	loading pickled environment... done
	building [html]: targets for 1 source files that are out of date
	updating environment: 0 added, 1 changed, 0 removed
	reading sources... [100%] ars_links                                                    
	looking for now-outdated files... none found
	pickling environment... done
	checking consistency... done
	preparing documents... done
	writing output... [100%] index                                                         
	writing additional files... (0 module code pages) genindex search
	copying static files... done
	dumping search index... done
	dumping object inventory... done
	build succeeded.

	Build finished. The HTML pages are in build/html.

german@german-T400:~/Prog/WS/PyCharm/MSc/ars/docs/sphinx$ make html
	sphinx-build -b html -d build/doctrees   source build/html
	Running Sphinx v1.1.3

	Exception occurred:
	  File "/usr/lib/python2.7/dist-packages/sphinx/cmdline.py", line 188, in main
		warningiserror, tags)
	  File "/usr/lib/python2.7/dist-packages/sphinx/application.py", line 102, in __init__
		confoverrides or {}, self.tags)
	  File "/usr/lib/python2.7/dist-packages/sphinx/config.py", line 216, in __init__
		exec code in config
	  File "/home/german/Prog/WS/PyCharm/MSc/ars/docs/sphinx/source/conf.py", line 20, in <module>
		import ars
	ImportError: No module named ars
	The full traceback has been saved in /tmp/sphinx-err-MAOO1U.log, if you want to report the issue to the developers.
	Please also report this if it was a user error, so that a better error message can be provided next time.
	Either send bugs to the mailing list at <http://groups.google.com/group/sphinx-dev/>,
	or report them in the tracker at <http://bitbucket.org/birkenfeld/sphinx/issues/>. Thanks!
	make: *** [html] Error 1

german@german-T400:~/Prog/WS/PyCharm/MSc/ars/docs/sphinx$ make html
	sphinx-build -b html -d build/doctrees   source build/html
	Running Sphinx v1.1.3
	loading pickled environment... done
	building [html]: targets for 0 source files that are out of date
	updating environment: 0 added, 0 changed, 0 removed
	looking for now-outdated files... none found
	no targets are out of date.

	Build finished. The HTML pages are in build/html.

german@german-T400:~/Prog/WS/PyCharm/MSc/ars/docs/sphinx$ make html
	sphinx-build -b html -d build/doctrees   source build/html
	Running Sphinx v1.1.3
	loading pickled environment... done
	building [html]: targets for 0 source files that are out of date
	updating environment: 18 added, 0 changed, 0 removed
	Traceback (most recent call last):etup                                                 
	  File "/usr/lib/python2.7/dist-packages/sphinx/ext/autodoc.py", line 321, in import_object
		__import__(self.modname)
	  File "/home/german/Prog/WS/PyCharm/MSc/ars/setup.py", line 32, in <module>
		long_description=open('README.txt').read(),
	IOError: [Errno 2] No such file or directory: 'README.txt'

	/home/german/Prog/WS/PyCharm/MSc/ars/ars/lib/pydispatch/dispatcher.py:docstring of ars.lib.pydispatch.dispatcher:19: WARNING: Definition list ends without a blank line; unexpected unindent.
	/home/german/Prog/WS/PyCharm/MSc/ars/ars/lib/pydispatch/dispatcher.py:docstring of ars.lib.pydispatch.dispatcher:21: ERROR: Unexpected indentation.
	/home/german/Prog/WS/PyCharm/MSc/ars/ars/lib/pydispatch/dispatcher.py:docstring of ars.lib.pydispatch.dispatcher:23: WARNING: Block quote ends without a blank line; unexpected unindent.
	/home/german/Prog/WS/PyCharm/MSc/ars/ars/lib/pydispatch/saferef.py:docstring of ars.lib.pydispatch.saferef.BoundMethodWeakref:20: WARNING: Definition list ends without a blank line; unexpected unindent.
	/home/german/Prog/WS/PyCharm/MSc/ars/ars/utils/geometry.py:docstring of ars.utils.geometry.rot_matrix_to_euler_angles:8: ERROR: Unexpected indentation.
	/home/german/Prog/WS/PyCharm/MSc/ars/ars/utils/geometry.py:docstring of ars.utils.geometry.rot_matrix_to_euler_angles:13: ERROR: Unknown target name: "rotation_matrix".
	/home/german/Prog/WS/PyCharm/MSc/ars/ars/utils/mathematical.py:docstring of ars.utils.mathematical.matrix_as_tuple:1: ERROR: Unknown target name: "matrix".
	/home/german/Prog/WS/PyCharm/MSc/ars/docs/sphinx/source/apidoc/modules.rst:2: WARNING: Explicit markup ends without a blank line; unexpected unindent.
	/home/german/Prog/WS/PyCharm/MSc/ars/docs/sphinx/source/apidoc/setup.rst:4: WARNING: autodoc can't import/find module 'setup', it reported error: "[Errno 2] No such file or directory: 'README.txt'", please check your spelling and sys.path
	looking for now-outdated files... none found
	pickling environment... done
	checking consistency... /home/german/Prog/WS/PyCharm/MSc/ars/docs/sphinx/source/apidoc/modules.rst:: WARNING: document isn't included in any toctree
	done
	preparing documents... done
	writing output... [100%] index                                                         
	writing additional files... (26 module code pages) _modules/index
	 genindex py-modindex search
	copying static files... done
	dumping search index... done
	dumping object inventory... done
	build succeeded, 10 warnings.

	Build finished. The HTML pages are in build/html.

german@german-T400:~/Prog/WS/PyCharm/MSc/ars/docs/sphinx$ make html
	sphinx-build -b html -d build/doctrees   source build/html
	Running Sphinx v1.1.3
	loading pickled environment... done
	building [html]: targets for 0 source files that are out of date
	updating environment: 0 added, 1 changed, 0 removed
	Traceback (most recent call last):etup                                                                                                                                            
	  File "/usr/lib/python2.7/dist-packages/sphinx/ext/autodoc.py", line 321, in import_object
		__import__(self.modname)
	  File "/home/german/Prog/WS/PyCharm/MSc/ars/setup.py", line 32, in <module>
		long_description=open('README.txt').read(),
	IOError: [Errno 2] No such file or directory: 'README.txt'

	/home/german/Prog/WS/PyCharm/MSc/ars/docs/sphinx/source/apidoc/setup.rst:4: WARNING: autodoc can't import/find module 'setup', it reported error: "[Errno 2] No such file or directory: 'README.txt'", please check your spelling and sys.path
	looking for now-outdated files... none found
	pickling environment... done
	checking consistency... /home/german/Prog/WS/PyCharm/MSc/ars/docs/sphinx/source/apidoc/modules.rst:: WARNING: document isn't included in any toctree
	done
	preparing documents... done
	writing output... [100%] index                                                                                                                                                    
	writing additional files... (26 module code pages) _modules/index
	 genindex py-modindex search
	copying static files... done
	dumping search index... done
	dumping object inventory... done
	build succeeded, 2 warnings.

	Build finished. The HTML pages are in build/html.

german@german-T400:~/Prog/WS/PyCharm/MSc/ars/docs/sphinx$ make html
	sphinx-build -b html -d build/doctrees   source build/html
	Running Sphinx v1.1.3
	loading pickled environment... done
	building [html]: targets for 1 source files that are out of date
	updating environment: 0 added, 2 changed, 0 removed
	Traceback (most recent call last):etup                                                                                                                                            
	  File "/usr/lib/python2.7/dist-packages/sphinx/ext/autodoc.py", line 321, in import_object
		__import__(self.modname)
	  File "/home/german/Prog/WS/PyCharm/MSc/ars/setup.py", line 32, in <module>
		long_description=open('README.txt').read(),
	IOError: [Errno 2] No such file or directory: 'README.txt'
	reading sources... [100%] index                                                                                                                                                   
	/home/german/Prog/WS/PyCharm/MSc/ars/docs/sphinx/source/apidoc/setup.rst:4: WARNING: autodoc can't import/find module 'setup', it reported error: "[Errno 2] No such file or directory: 'README.txt'", please check your spelling and sys.path
	looking for now-outdated files... none found
	pickling environment... done
	checking consistency... done
	preparing documents... done
	writing output... [100%] index                                                                                                                                                    
	writing additional files... (26 module code pages) _modules/index
	 genindex py-modindex search
	copying static files... done
	dumping search index... done
	dumping object inventory... done
	build succeeded, 1 warning.

	Build finished. The HTML pages are in build/html.

german@german-T400:~/Prog/WS/PyCharm/MSc/ars/docs/sphinx$ make html
	sphinx-build -b html -d build/doctrees   source build/html
	Running Sphinx v1.1.3
	loading pickled environment... done
	building [html]: targets for 0 source files that are out of date
	updating environment: [config changed] 22 added, 0 changed, 0 removed
	Traceback (most recent call last):etup                                                                                                                                            
	  File "/usr/lib/python2.7/dist-packages/sphinx/ext/autodoc.py", line 321, in import_object
		__import__(self.modname)
	  File "/home/german/Prog/WS/PyCharm/MSc/ars/setup.py", line 32, in <module>
		long_description=open('README.txt').read(),
	IOError: [Errno 2] No such file or directory: 'README.txt'
	reading sources... [100%] index                                                                                                                                                   
	/home/german/Prog/WS/PyCharm/MSc/ars/ars/lib/pydispatch/dispatcher.py:docstring of ars.lib.pydispatch.dispatcher:19: WARNING: Definition list ends without a blank line; unexpected unindent.
	/home/german/Prog/WS/PyCharm/MSc/ars/ars/lib/pydispatch/dispatcher.py:docstring of ars.lib.pydispatch.dispatcher:21: ERROR: Unexpected indentation.
	/home/german/Prog/WS/PyCharm/MSc/ars/ars/lib/pydispatch/dispatcher.py:docstring of ars.lib.pydispatch.dispatcher:23: WARNING: Block quote ends without a blank line; unexpected unindent.
	/home/german/Prog/WS/PyCharm/MSc/ars/ars/lib/pydispatch/saferef.py:docstring of ars.lib.pydispatch.saferef.BoundMethodWeakref:20: WARNING: Definition list ends without a blank line; unexpected unindent.
	/home/german/Prog/WS/PyCharm/MSc/ars/ars/utils/geometry.py:docstring of ars.utils.geometry.rot_matrix_to_euler_angles:8: ERROR: Unexpected indentation.
	/home/german/Prog/WS/PyCharm/MSc/ars/ars/utils/geometry.py:docstring of ars.utils.geometry.rot_matrix_to_euler_angles:13: ERROR: Unknown target name: "rotation_matrix".
	/home/german/Prog/WS/PyCharm/MSc/ars/ars/utils/mathematical.py:docstring of ars.utils.mathematical.matrix_as_tuple:1: ERROR: Unknown target name: "matrix".
	/home/german/Prog/WS/PyCharm/MSc/ars/docs/sphinx/source/apidoc/modules.rst:2: WARNING: Explicit markup ends without a blank line; unexpected unindent.
	/home/german/Prog/WS/PyCharm/MSc/ars/docs/sphinx/source/apidoc/setup.rst:4: WARNING: autodoc can't import/find module 'setup', it reported error: "[Errno 2] No such file or directory: 'README.txt'", please check your spelling and sys.path
	/home/german/Prog/WS/PyCharm/MSc/ars/docs/sphinx/source/cheatsheet.rst:27: WARNING: Include file u'/home/german/Prog/WS/PyCharm/MSc/ars/docs/sphinx/source/pyplots/ellipses.py' not found or reading it failed
	looking for now-outdated files... none found
	pickling environment... done
	checking consistency... done
	preparing documents... done
	writing output... [100%] index                                                                                                                                                    
	/home/german/Prog/WS/PyCharm/MSc/ars/docs/sphinx/source/cheatsheet.rst:7: WARNING: undefined label: cheatsheet -literal (if the link has no caption the label must precede a section header)
	/home/german/Prog/WS/PyCharm/MSc/ars/docs/sphinx/source/getting_started.rst:109: WARNING: undefined label: custom_look (if the link has no caption the label must precede a section header)
	writing additional files... (26 module code pages) _modules/index
	 genindex py-modindex search
	copying images... [100%] _static/basic_screenshot.png                                                                                                                             
	copying static files... done
	dumping search index... done
	dumping object inventory... done
	build succeeded, 12 warnings.

	Build finished. The HTML pages are in build/html.

german@german-T400:~/Prog/WS/PyCharm/MSc/ars/docs/sphinx$
