german@german-T400:~/Prog/WS/PyCharm/MSc/ars$ make html
	sphinx-build -b html -d _build/doctrees   . _build/html
	Making output directory...
	Running Sphinx v1.1.3
	loading pickled environment... not yet created
	building [html]: targets for 1 source files that are out of date
	updating environment: 1 added, 0 changed, 0 removed
	reading sources... [100%] index                                                                                                                
	looking for now-outdated files... none found
	pickling environment... done
	checking consistency... done
	preparing documents... done
	writing output... [100%] index                                                                                                                 
	writing additional files... (0 module code pages) genindex search
	copying static files... done
	dumping search index... done
	dumping object inventory... done
	build succeeded.

	Build finished. The HTML pages are in _build/html.

german@german-T400:~/Prog/WS/PyCharm/MSc/ars$ sphinx-apidoc -o apidoc ars
	Creating file apidoc/ars.rst.
	Creating file apidoc/ars.app.rst.
	Creating file apidoc/ars.graphics.rst.
	Creating file apidoc/ars.gui.rst.
	Creating file apidoc/ars.lib.rst.
	Creating file apidoc/ars.lib.pydispatch.rst.
	Creating file apidoc/ars.lib.pydispatch.tests.rst.
	Creating file apidoc/ars.model.rst.
	Creating file apidoc/ars.model.collision.rst.
	Creating file apidoc/ars.model.contrib.rst.
	Creating file apidoc/ars.model.geometry.rst.
	Creating file apidoc/ars.model.physics.rst.
	Creating file apidoc/ars.model.robot.rst.
	Creating file apidoc/ars.model.simulator.rst.
	Creating file apidoc/ars.utils.rst.
	Creating file apidoc/modules.rst.

german@german-T400:~/Prog/WS/PyCharm/MSc/ars$ make html
	sphinx-build -b html -d _build/doctrees   . _build/html
	Running Sphinx v1.1.3
	loading pickled environment... done
	building [html]: targets for 0 source files that are out of date
	updating environment: 16 added, 0 changed, 0 removed
	Traceback (most recent call last):rs                                                                                                           
	...
	...
	reading sources... [100%] apidoc/modules                                                                                                       
	/home/german/Prog/WS/PyCharm/MSc/ars/apidoc/ars.rst:7: WARNING: autodoc can't import/find module 'ars.constants', it reported error: "No module named ars.constants", please check your spelling and sys.path
	/home/german/Prog/WS/PyCharm/MSc/ars/apidoc/ars.rst:15: WARNING: autodoc can't import/find module 'ars.exceptions', it reported error: "No module named ars.exceptions", please check your spelling and sys.path
	/home/german/Prog/WS/PyCharm/MSc/ars/apidoc/ars.app.rst:7: WARNING: autodoc can't import/find module 'ars.app', it reported error: "No module named ars.app", please check your spelling and sys.path
	/home/german/Prog/WS/PyCharm/MSc/ars/apidoc/ars.graphics.rst:7: WARNING: autodoc can't import/find module 'ars.graphics', it reported error: "No module named ars.graphics", please check your spelling and sys.path
	/home/german/Prog/WS/PyCharm/MSc/ars/apidoc/ars.graphics.rst:15: WARNING: autodoc can't import/find module 'ars.graphics.adapters', it reported error: "No module named ars.graphics.adapters", please check your spelling and sys.path
	/home/german/Prog/WS/PyCharm/MSc/ars/apidoc/ars.gui.rst:7: WARNING: autodoc can't import/find module 'ars.gui', it reported error: "No module named ars.gui", please check your spelling and sys.path
	/home/german/Prog/WS/PyCharm/MSc/ars/apidoc/ars.lib.rst:7: WARNING: autodoc can't import/find module 'ars.lib', it reported error: "No module named ars.lib", please check your spelling and sys.path
	/home/german/Prog/WS/PyCharm/MSc/ars/apidoc/ars.lib.pydispatch.rst:7: WARNING: autodoc can't import/find module 'ars.lib.pydispatch', it reported error: "No module named ars.lib.pydispatch", please check your spelling and sys.path
	/home/german/Prog/WS/PyCharm/MSc/ars/apidoc/ars.lib.pydispatch.rst:15: WARNING: autodoc can't import/find module 'ars.lib.pydispatch.dispatcher', it reported error: "No module named ars.lib.pydispatch.dispatcher", please check your spelling and sys.path
	/home/german/Prog/WS/PyCharm/MSc/ars/apidoc/ars.lib.pydispatch.rst:23: WARNING: autodoc can't import/find module 'ars.lib.pydispatch.errors', it reported error: "No module named ars.lib.pydispatch.errors", please check your spelling and sys.path
	/home/german/Prog/WS/PyCharm/MSc/ars/apidoc/ars.lib.pydispatch.rst:31: WARNING: autodoc can't import/find module 'ars.lib.pydispatch.robust', it reported error: "No module named ars.lib.pydispatch.robust", please check your spelling and sys.path
	/home/german/Prog/WS/PyCharm/MSc/ars/apidoc/ars.lib.pydispatch.rst:39: WARNING: autodoc can't import/find module 'ars.lib.pydispatch.robustapply', it reported error: "No module named ars.lib.pydispatch.robustapply", please check your spelling and sys.path
	/home/german/Prog/WS/PyCharm/MSc/ars/apidoc/ars.lib.pydispatch.rst:47: WARNING: autodoc can't import/find module 'ars.lib.pydispatch.saferef', it reported error: "No module named ars.lib.pydispatch.saferef", please check your spelling and sys.path
	/home/german/Prog/WS/PyCharm/MSc/ars/apidoc/ars.lib.pydispatch.tests.rst:7: WARNING: autodoc can't import/find module 'ars.lib.pydispatch.tests', it reported error: "No module named ars.lib.pydispatch.tests", please check your spelling and sys.path
	/home/german/Prog/WS/PyCharm/MSc/ars/apidoc/ars.lib.pydispatch.tests.rst:15: WARNING: autodoc can't import/find module 'ars.lib.pydispatch.tests.test_dispatcher', it reported error: "No module named ars.lib.pydispatch.tests.test_dispatcher", please check your spelling and sys.path
	/home/german/Prog/WS/PyCharm/MSc/ars/apidoc/ars.lib.pydispatch.tests.rst:23: WARNING: autodoc can't import/find module 'ars.lib.pydispatch.tests.test_robustapply', it reported error: "No module named ars.lib.pydispatch.tests.test_robustapply", please check your spelling and sys.path
	/home/german/Prog/WS/PyCharm/MSc/ars/apidoc/ars.lib.pydispatch.tests.rst:31: WARNING: autodoc can't import/find module 'ars.lib.pydispatch.tests.test_saferef', it reported error: "No module named ars.lib.pydispatch.tests.test_saferef", please check your spelling and sys.path
	/home/german/Prog/WS/PyCharm/MSc/ars/apidoc/ars.model.rst:7: WARNING: autodoc can't import/find module 'ars.model', it reported error: "No module named ars.model", please check your spelling and sys.path
	/home/german/Prog/WS/PyCharm/MSc/ars/apidoc/ars.model.collision.rst:7: WARNING: autodoc can't import/find module 'ars.model.collision.adapters', it reported error: "No module named ars.model.collision.adapters", please check your spelling and sys.path
	/home/german/Prog/WS/PyCharm/MSc/ars/apidoc/ars.model.collision.rst:15: WARNING: autodoc can't import/find module 'ars.model.collision.base', it reported error: "No module named ars.model.collision.base", please check your spelling and sys.path
	/home/german/Prog/WS/PyCharm/MSc/ars/apidoc/ars.model.contrib.rst:7: WARNING: autodoc can't import/find module 'ars.model.contrib.caster', it reported error: "No module named ars.model.contrib.caster", please check your spelling and sys.path
	/home/german/Prog/WS/PyCharm/MSc/ars/apidoc/ars.model.contrib.rst:15: WARNING: autodoc can't import/find module 'ars.model.contrib.ragdoll', it reported error: "No module named ars.model.contrib.ragdoll", please check your spelling and sys.path
	/home/german/Prog/WS/PyCharm/MSc/ars/apidoc/ars.model.geometry.rst:7: WARNING: autodoc can't import/find module 'ars.model.geometry', it reported error: "No module named ars.model.geometry", please check your spelling and sys.path
	/home/german/Prog/WS/PyCharm/MSc/ars/apidoc/ars.model.physics.rst:7: WARNING: autodoc can't import/find module 'ars.model.physics.adapters', it reported error: "No module named ars.model.physics.adapters", please check your spelling and sys.path
	/home/german/Prog/WS/PyCharm/MSc/ars/apidoc/ars.model.physics.rst:15: WARNING: autodoc can't import/find module 'ars.model.physics.base', it reported error: "No module named ars.model.physics.base", please check your spelling and sys.path
	/home/german/Prog/WS/PyCharm/MSc/ars/apidoc/ars.model.robot.rst:7: WARNING: autodoc can't import/find module 'ars.model.robot', it reported error: "No module named ars.model.robot", please check your spelling and sys.path
	/home/german/Prog/WS/PyCharm/MSc/ars/apidoc/ars.model.robot.rst:15: WARNING: autodoc can't import/find module 'ars.model.robot.actuators', it reported error: "No module named ars.model.robot.actuators", please check your spelling and sys.path
	/home/german/Prog/WS/PyCharm/MSc/ars/apidoc/ars.model.robot.rst:23: WARNING: autodoc can't import/find module 'ars.model.robot.joints', it reported error: "No module named ars.model.robot.joints", please check your spelling and sys.path
	/home/german/Prog/WS/PyCharm/MSc/ars/apidoc/ars.model.robot.rst:31: WARNING: autodoc can't import/find module 'ars.model.robot.sensors', it reported error: "No module named ars.model.robot.sensors", please check your spelling and sys.path
	/home/german/Prog/WS/PyCharm/MSc/ars/apidoc/ars.model.simulator.rst:7: WARNING: autodoc can't import/find module 'ars.model.simulator', it reported error: "No module named ars.model.simulator", please check your spelling and sys.path
	/home/german/Prog/WS/PyCharm/MSc/ars/apidoc/ars.utils.rst:7: WARNING: autodoc can't import/find module 'ars.utils.containers', it reported error: "No module named ars.utils.containers", please check your spelling and sys.path
	/home/german/Prog/WS/PyCharm/MSc/ars/apidoc/ars.utils.rst:15: WARNING: autodoc can't import/find module 'ars.utils.generic', it reported error: "No module named ars.utils.generic", please check your spelling and sys.path
	/home/german/Prog/WS/PyCharm/MSc/ars/apidoc/ars.utils.rst:23: WARNING: autodoc can't import/find module 'ars.utils.geometry', it reported error: "No module named ars.utils.geometry", please check your spelling and sys.path
	/home/german/Prog/WS/PyCharm/MSc/ars/apidoc/ars.utils.rst:31: WARNING: autodoc can't import/find module 'ars.utils.mathematical', it reported error: "No module named ars.utils.mathematical", please check your spelling and sys.path
	looking for now-outdated files... none found
	pickling environment... done
	checking consistency... /home/german/Prog/WS/PyCharm/MSc/ars/apidoc/modules.rst:: WARNING: document isn't included in any toctree
	done
	preparing documents... done
	writing output... [100%] index                                                                                                                 
	writing additional files... (0 module code pages) genindex search
	copying static files... done
	dumping search index... done
	dumping object inventory... done
	build succeeded, 35 warnings.

	Build finished. The HTML pages are in _build/html.

german@german-T400:~/Prog/WS/PyCharm/MSc/ars$ make html
	sphinx-build -b html -d _build/doctrees   . _build/html
	Running Sphinx v1.1.3
	loading pickled environment... done
	building [html]: targets for 0 source files that are out of date
	updating environment: 0 added, 15 changed, 0 removed
	Traceback (most recent call last):rs                                                                                                           
	...
	...
	/home/german/Prog/WS/PyCharm/MSc/ars/apidoc/ars.rst:7: WARNING: autodoc can't import/find module 'ars.constants', it reported error: "No module named ars.constants", please check your spelling and sys.path
	/home/german/Prog/WS/PyCharm/MSc/ars/apidoc/ars.rst:15: WARNING: autodoc can't import/find module 'ars.exceptions', it reported error: "No module named ars.exceptions", please check your spelling and sys.path
	/home/german/Prog/WS/PyCharm/MSc/ars/apidoc/ars.app.rst:7: WARNING: autodoc can't import/find module 'ars.app', it reported error: "No module named ars.app", please check your spelling and sys.path
	/home/german/Prog/WS/PyCharm/MSc/ars/apidoc/ars.graphics.rst:7: WARNING: autodoc can't import/find module 'ars.graphics', it reported error: "No module named ars.graphics", please check your spelling and sys.path
	/home/german/Prog/WS/PyCharm/MSc/ars/apidoc/ars.graphics.rst:15: WARNING: autodoc can't import/find module 'ars.graphics.adapters', it reported error: "No module named ars.graphics.adapters", please check your spelling and sys.path
	/home/german/Prog/WS/PyCharm/MSc/ars/apidoc/ars.gui.rst:7: WARNING: autodoc can't import/find module 'ars.gui', it reported error: "No module named ars.gui", please check your spelling and sys.path
	/home/german/Prog/WS/PyCharm/MSc/ars/apidoc/ars.lib.rst:7: WARNING: autodoc can't import/find module 'ars.lib', it reported error: "No module named ars.lib", please check your spelling and sys.path
	/home/german/Prog/WS/PyCharm/MSc/ars/apidoc/ars.lib.pydispatch.rst:7: WARNING: autodoc can't import/find module 'ars.lib.pydispatch', it reported error: "No module named ars.lib.pydispatch", please check your spelling and sys.path
	/home/german/Prog/WS/PyCharm/MSc/ars/apidoc/ars.lib.pydispatch.rst:15: WARNING: autodoc can't import/find module 'ars.lib.pydispatch.dispatcher', it reported error: "No module named ars.lib.pydispatch.dispatcher", please check your spelling and sys.path
	/home/german/Prog/WS/PyCharm/MSc/ars/apidoc/ars.lib.pydispatch.rst:23: WARNING: autodoc can't import/find module 'ars.lib.pydispatch.errors', it reported error: "No module named ars.lib.pydispatch.errors", please check your spelling and sys.path
	/home/german/Prog/WS/PyCharm/MSc/ars/apidoc/ars.lib.pydispatch.rst:31: WARNING: autodoc can't import/find module 'ars.lib.pydispatch.robust', it reported error: "No module named ars.lib.pydispatch.robust", please check your spelling and sys.path
	/home/german/Prog/WS/PyCharm/MSc/ars/apidoc/ars.lib.pydispatch.rst:39: WARNING: autodoc can't import/find module 'ars.lib.pydispatch.robustapply', it reported error: "No module named ars.lib.pydispatch.robustapply", please check your spelling and sys.path
	/home/german/Prog/WS/PyCharm/MSc/ars/apidoc/ars.lib.pydispatch.rst:47: WARNING: autodoc can't import/find module 'ars.lib.pydispatch.saferef', it reported error: "No module named ars.lib.pydispatch.saferef", please check your spelling and sys.path
	/home/german/Prog/WS/PyCharm/MSc/ars/apidoc/ars.lib.pydispatch.tests.rst:7: WARNING: autodoc can't import/find module 'ars.lib.pydispatch.tests', it reported error: "No module named ars.lib.pydispatch.tests", please check your spelling and sys.path
	/home/german/Prog/WS/PyCharm/MSc/ars/apidoc/ars.lib.pydispatch.tests.rst:15: WARNING: autodoc can't import/find module 'ars.lib.pydispatch.tests.test_dispatcher', it reported error: "No module named ars.lib.pydispatch.tests.test_dispatcher", please check your spelling and sys.path
	/home/german/Prog/WS/PyCharm/MSc/ars/apidoc/ars.lib.pydispatch.tests.rst:23: WARNING: autodoc can't import/find module 'ars.lib.pydispatch.tests.test_robustapply', it reported error: "No module named ars.lib.pydispatch.tests.test_robustapply", please check your spelling and sys.path
	/home/german/Prog/WS/PyCharm/MSc/ars/apidoc/ars.lib.pydispatch.tests.rst:31: WARNING: autodoc can't import/find module 'ars.lib.pydispatch.tests.test_saferef', it reported error: "No module named ars.lib.pydispatch.tests.test_saferef", please check your spelling and sys.path
	/home/german/Prog/WS/PyCharm/MSc/ars/apidoc/ars.model.rst:7: WARNING: autodoc can't import/find module 'ars.model', it reported error: "No module named ars.model", please check your spelling and sys.path
	/home/german/Prog/WS/PyCharm/MSc/ars/apidoc/ars.model.collision.rst:7: WARNING: autodoc can't import/find module 'ars.model.collision.adapters', it reported error: "No module named ars.model.collision.adapters", please check your spelling and sys.path
	/home/german/Prog/WS/PyCharm/MSc/ars/apidoc/ars.model.collision.rst:15: WARNING: autodoc can't import/find module 'ars.model.collision.base', it reported error: "No module named ars.model.collision.base", please check your spelling and sys.path
	/home/german/Prog/WS/PyCharm/MSc/ars/apidoc/ars.model.contrib.rst:7: WARNING: autodoc can't import/find module 'ars.model.contrib.caster', it reported error: "No module named ars.model.contrib.caster", please check your spelling and sys.path
	/home/german/Prog/WS/PyCharm/MSc/ars/apidoc/ars.model.contrib.rst:15: WARNING: autodoc can't import/find module 'ars.model.contrib.ragdoll', it reported error: "No module named ars.model.contrib.ragdoll", please check your spelling and sys.path
	/home/german/Prog/WS/PyCharm/MSc/ars/apidoc/ars.model.geometry.rst:7: WARNING: autodoc can't import/find module 'ars.model.geometry', it reported error: "No module named ars.model.geometry", please check your spelling and sys.path
	/home/german/Prog/WS/PyCharm/MSc/ars/apidoc/ars.model.physics.rst:7: WARNING: autodoc can't import/find module 'ars.model.physics.adapters', it reported error: "No module named ars.model.physics.adapters", please check your spelling and sys.path
	/home/german/Prog/WS/PyCharm/MSc/ars/apidoc/ars.model.physics.rst:15: WARNING: autodoc can't import/find module 'ars.model.physics.base', it reported error: "No module named ars.model.physics.base", please check your spelling and sys.path
	/home/german/Prog/WS/PyCharm/MSc/ars/apidoc/ars.model.robot.rst:7: WARNING: autodoc can't import/find module 'ars.model.robot', it reported error: "No module named ars.model.robot", please check your spelling and sys.path
	/home/german/Prog/WS/PyCharm/MSc/ars/apidoc/ars.model.robot.rst:15: WARNING: autodoc can't import/find module 'ars.model.robot.actuators', it reported error: "No module named ars.model.robot.actuators", please check your spelling and sys.path
	/home/german/Prog/WS/PyCharm/MSc/ars/apidoc/ars.model.robot.rst:23: WARNING: autodoc can't import/find module 'ars.model.robot.joints', it reported error: "No module named ars.model.robot.joints", please check your spelling and sys.path
	/home/german/Prog/WS/PyCharm/MSc/ars/apidoc/ars.model.robot.rst:31: WARNING: autodoc can't import/find module 'ars.model.robot.sensors', it reported error: "No module named ars.model.robot.sensors", please check your spelling and sys.path
	/home/german/Prog/WS/PyCharm/MSc/ars/apidoc/ars.model.simulator.rst:7: WARNING: autodoc can't import/find module 'ars.model.simulator', it reported error: "No module named ars.model.simulator", please check your spelling and sys.path
	/home/german/Prog/WS/PyCharm/MSc/ars/apidoc/ars.utils.rst:7: WARNING: autodoc can't import/find module 'ars.utils.containers', it reported error: "No module named ars.utils.containers", please check your spelling and sys.path
	/home/german/Prog/WS/PyCharm/MSc/ars/apidoc/ars.utils.rst:15: WARNING: autodoc can't import/find module 'ars.utils.generic', it reported error: "No module named ars.utils.generic", please check your spelling and sys.path
	/home/german/Prog/WS/PyCharm/MSc/ars/apidoc/ars.utils.rst:23: WARNING: autodoc can't import/find module 'ars.utils.geometry', it reported error: "No module named ars.utils.geometry", please check your spelling and sys.path
	/home/german/Prog/WS/PyCharm/MSc/ars/apidoc/ars.utils.rst:31: WARNING: autodoc can't import/find module 'ars.utils.mathematical', it reported error: "No module named ars.utils.mathematical", please check your spelling and sys.path
	looking for now-outdated files... none found
	pickling environment... done
	checking consistency... /home/german/Prog/WS/PyCharm/MSc/ars/apidoc/modules.rst:: WARNING: document isn't included in any toctree
	done
	preparing documents... done
	writing output... [100%] index                                                                                                                 
	writing additional files... (0 module code pages) genindex search
	copying static files... done
	dumping search index... done
	dumping object inventory... done
	build succeeded, 35 warnings.

	Build finished. The HTML pages are in _build/html.

german@german-T400:~/Prog/WS/PyCharm/MSc/ars$ make html
	sphinx-build -b html -d _build/doctrees   . _build/html
	Running Sphinx v1.1.3
	loading pickled environment... done
	building [html]: targets for 0 source files that are out of date
	updating environment: 0 added, 15 changed, 0 removed
	reading sources... [100%] apidoc/ars.utils                                                                                                     
	/home/german/Prog/WS/PyCharm/MSc/ars/ars/lib/pydispatch/dispatcher.py:docstring of ars.lib.pydispatch.dispatcher:19: WARNING: Definition list ends without a blank line; unexpected unindent.
	/home/german/Prog/WS/PyCharm/MSc/ars/ars/lib/pydispatch/dispatcher.py:docstring of ars.lib.pydispatch.dispatcher:21: ERROR: Unexpected indentation.
	/home/german/Prog/WS/PyCharm/MSc/ars/ars/lib/pydispatch/dispatcher.py:docstring of ars.lib.pydispatch.dispatcher:23: WARNING: Block quote ends without a blank line; unexpected unindent.
	/home/german/Prog/WS/PyCharm/MSc/ars/ars/lib/pydispatch/saferef.py:docstring of ars.lib.pydispatch.saferef.BoundMethodWeakref:20: WARNING: Definition list ends without a blank line; unexpected unindent.
	/home/german/Prog/WS/PyCharm/MSc/ars/ars/utils/geometry.py:docstring of ars.utils.geometry.rot_matrix_to_euler_angles:8: ERROR: Unexpected indentation.
	/home/german/Prog/WS/PyCharm/MSc/ars/ars/utils/geometry.py:docstring of ars.utils.geometry.rot_matrix_to_euler_angles:13: ERROR: Unknown target name: "rotation_matrix".
	/home/german/Prog/WS/PyCharm/MSc/ars/ars/utils/mathematical.py:docstring of ars.utils.mathematical.matrix_as_tuple:1: ERROR: Unknown target name: "matrix".
	looking for now-outdated files... none found
	pickling environment... done
	checking consistency... /home/german/Prog/WS/PyCharm/MSc/ars/apidoc/modules.rst:: WARNING: document isn't included in any toctree
	done
	preparing documents... done
	writing output... [100%] index                                                                                                                 
	writing additional files... (27 module code pages) _modules/index
	 genindex py-modindex search
	copying static files... done
	dumping search index... done
	dumping object inventory... done
	build succeeded, 8 warnings.

	Build finished. The HTML pages are in _build/html.

german@german-T400:~/Prog/WS/PyCharm/MSc/ars$ make html
	sphinx-build -b html -d _build/doctrees   . _build/html
	Making output directory...
	Running Sphinx v1.1.3
	loading pickled environment... not yet created
	building [html]: targets for 1 source files that are out of date
	updating environment: 1 added, 0 changed, 0 removed
	reading sources... [100%] index                                                                                                                
	looking for now-outdated files... none found
	pickling environment... done
	checking consistency... done
	preparing documents... done
	writing output... [100%] index                                                                                                                 
	writing additional files... (0 module code pages) genindex search
	copying static files... done
	dumping search index... done
	dumping object inventory... done
	build succeeded.

	Build finished. The HTML pages are in _build/html.

german@german-T400:~/Prog/WS/PyCharm/MSc/ars$ sphinx-apidoc -o apidoc ars
	Creating file apidoc/ars.rst.
	Creating file apidoc/ars.app.rst.
	Creating file apidoc/ars.graphics.rst.
	Creating file apidoc/ars.gui.rst.
	Creating file apidoc/ars.lib.rst.
	Creating file apidoc/ars.lib.pydispatch.rst.
	Creating file apidoc/ars.lib.pydispatch.tests.rst.
	Creating file apidoc/ars.model.rst.
	Creating file apidoc/ars.model.collision.rst.
	Creating file apidoc/ars.model.contrib.rst.
	Creating file apidoc/ars.model.geometry.rst.
	Creating file apidoc/ars.model.physics.rst.
	Creating file apidoc/ars.model.robot.rst.
	Creating file apidoc/ars.model.simulator.rst.
	Creating file apidoc/ars.utils.rst.
	Creating file apidoc/modules.rst.

german@german-T400:~/Prog/WS/PyCharm/MSc/ars$ make html
	sphinx-build -b html -d _build/doctrees   . _build/html
	Running Sphinx v1.1.3
	loading pickled environment... done
	building [html]: targets for 0 source files that are out of date
	updating environment: 16 added, 0 changed, 0 removed
	reading sources... [100%] apidoc/modules                                                                                                       
	/home/german/Prog/WS/PyCharm/MSc/ars/ars/lib/pydispatch/dispatcher.py:docstring of ars.lib.pydispatch.dispatcher:19: WARNING: Definition list ends without a blank line; unexpected unindent.
	/home/german/Prog/WS/PyCharm/MSc/ars/ars/lib/pydispatch/dispatcher.py:docstring of ars.lib.pydispatch.dispatcher:21: ERROR: Unexpected indentation.
	/home/german/Prog/WS/PyCharm/MSc/ars/ars/lib/pydispatch/dispatcher.py:docstring of ars.lib.pydispatch.dispatcher:23: WARNING: Block quote ends without a blank line; unexpected unindent.
	/home/german/Prog/WS/PyCharm/MSc/ars/ars/lib/pydispatch/saferef.py:docstring of ars.lib.pydispatch.saferef.BoundMethodWeakref:20: WARNING: Definition list ends without a blank line; unexpected unindent.
	/home/german/Prog/WS/PyCharm/MSc/ars/ars/utils/geometry.py:docstring of ars.utils.geometry.rot_matrix_to_euler_angles:8: ERROR: Unexpected indentation.
	/home/german/Prog/WS/PyCharm/MSc/ars/ars/utils/geometry.py:docstring of ars.utils.geometry.rot_matrix_to_euler_angles:13: ERROR: Unknown target name: "rotation_matrix".
	/home/german/Prog/WS/PyCharm/MSc/ars/ars/utils/mathematical.py:docstring of ars.utils.mathematical.matrix_as_tuple:1: ERROR: Unknown target name: "matrix".
	looking for now-outdated files... none found
	pickling environment... done
	checking consistency... /home/german/Prog/WS/PyCharm/MSc/ars/apidoc/modules.rst:: WARNING: document isn't included in any toctree
	done
	preparing documents... done
	writing output... [100%] index                                                                                                                 
	writing additional files... (27 module code pages) _modules/index
	 genindex py-modindex search
	copying static files... done
	dumping search index... done
	dumping object inventory... done
	build succeeded, 8 warnings.

	Build finished. The HTML pages are in _build/html.

german@german-T400:~/Prog/WS/PyCharm/MSc/ars$ make html
	sphinx-build -b html -d _build/doctrees   . _build/html
	Running Sphinx v1.1.3
	loading pickled environment... done
	building [html]: targets for 0 source files that are out of date
	updating environment: 0 added, 1 changed, 0 removed
	reading sources... [100%] apidoc/ars.utils                                                                                                     
	/home/german/Prog/WS/PyCharm/MSc/ars/ars/utils/geometry.py:docstring of ars.utils.geometry.rot_matrix_to_euler_angles:8: ERROR: Unexpected indentation.
	/home/german/Prog/WS/PyCharm/MSc/ars/ars/utils/mathematical.py:docstring of ars.utils.mathematical.matrix_as_tuple:1: ERROR: Unknown target name: "matrix".
	looking for now-outdated files... none found
	pickling environment... done
	checking consistency... /home/german/Prog/WS/PyCharm/MSc/ars/apidoc/modules.rst:: WARNING: document isn't included in any toctree
	done
	preparing documents... done
	writing output... [100%] index                                                                                                                 
	writing additional files... (27 module code pages) _modules/index
	 genindex py-modindex search
	copying static files... done
	dumping search index... done
	dumping object inventory... done
	build succeeded, 3 warnings.

	Build finished. The HTML pages are in _build/html.

german@german-T400:~/Prog/WS/PyCharm/MSc/ars$ make html
	sphinx-build -b html -d _build/doctrees   . _build/html
	Running Sphinx v1.1.3
	loading pickled environment... done
	building [html]: targets for 0 source files that are out of date
	updating environment: 0 added, 0 changed, 0 removed
	looking for now-outdated files... none found
	no targets are out of date.

	Build finished. The HTML pages are in _build/html.

